Component: ARM Compiler 5.06 update 5 (build 528) Tool: armlink [4d35e2]

==============================================================================

Section Cross References

    startup_stm32f10x_md.o(STACK) refers (Special) to heapauxi.o(.text) for __use_two_region_memory
    startup_stm32f10x_md.o(HEAP) refers (Special) to heapauxi.o(.text) for __use_two_region_memory
    startup_stm32f10x_md.o(RESET) refers (Special) to heapauxi.o(.text) for __use_two_region_memory
    startup_stm32f10x_md.o(RESET) refers to startup_stm32f10x_md.o(STACK) for __initial_sp
    startup_stm32f10x_md.o(RESET) refers to startup_stm32f10x_md.o(.text) for Reset_Handler
    startup_stm32f10x_md.o(RESET) refers to stm32f10x_it.o(i.NMI_Handler) for NMI_Handler
    startup_stm32f10x_md.o(RESET) refers to stm32f10x_it.o(i.HardFault_Handler) for HardFault_Handler
    startup_stm32f10x_md.o(RESET) refers to stm32f10x_it.o(i.MemManage_Handler) for MemManage_Handler
    startup_stm32f10x_md.o(RESET) refers to stm32f10x_it.o(i.BusFault_Handler) for BusFault_Handler
    startup_stm32f10x_md.o(RESET) refers to stm32f10x_it.o(i.UsageFault_Handler) for UsageFault_Handler
    startup_stm32f10x_md.o(RESET) refers to stm32f10x_it.o(i.SVC_Handler) for SVC_Handler
    startup_stm32f10x_md.o(RESET) refers to stm32f10x_it.o(i.DebugMon_Handler) for DebugMon_Handler
    startup_stm32f10x_md.o(RESET) refers to stm32f10x_it.o(i.PendSV_Handler) for PendSV_Handler
    startup_stm32f10x_md.o(RESET) refers to stm32f10x_it.o(i.SysTick_Handler) for SysTick_Handler
    startup_stm32f10x_md.o(RESET) refers to stm32f10x_it.o(i.USART1_IRQHandler) for USART1_IRQHandler
    startup_stm32f10x_md.o(RESET) refers to stm32f10x_it.o(i.USART2_IRQHandler) for USART2_IRQHandler
    startup_stm32f10x_md.o(.text) refers (Special) to heapauxi.o(.text) for __use_two_region_memory
    startup_stm32f10x_md.o(.text) refers to system_stm32f10x.o(i.SystemInit) for SystemInit
    startup_stm32f10x_md.o(.text) refers to __main.o(!!!main) for __main
    startup_stm32f10x_md.o(.text) refers to startup_stm32f10x_md.o(HEAP) for Heap_Mem
    startup_stm32f10x_md.o(.text) refers to startup_stm32f10x_md.o(STACK) for Stack_Mem
    system_stm32f10x.o(i.SetSysClock) refers to system_stm32f10x.o(i.SetSysClockTo72) for SetSysClockTo72
    system_stm32f10x.o(i.SystemCoreClockUpdate) refers to system_stm32f10x.o(.data) for SystemCoreClock
    system_stm32f10x.o(i.SystemInit) refers to system_stm32f10x.o(i.SetSysClock) for SetSysClock
    stm32f10x_adc.o(i.ADC_DeInit) refers to stm32f10x_rcc.o(i.RCC_APB2PeriphResetCmd) for RCC_APB2PeriphResetCmd
    stm32f10x_bkp.o(i.BKP_DeInit) refers to stm32f10x_rcc.o(i.RCC_BackupResetCmd) for RCC_BackupResetCmd
    stm32f10x_can.o(i.CAN_DeInit) refers to stm32f10x_rcc.o(i.RCC_APB1PeriphResetCmd) for RCC_APB1PeriphResetCmd
    stm32f10x_can.o(i.CAN_GetITStatus) refers to stm32f10x_can.o(i.CheckITStatus) for CheckITStatus
    stm32f10x_cec.o(i.CEC_DeInit) refers to stm32f10x_rcc.o(i.RCC_APB1PeriphResetCmd) for RCC_APB1PeriphResetCmd
    stm32f10x_dac.o(i.DAC_DeInit) refers to stm32f10x_rcc.o(i.RCC_APB1PeriphResetCmd) for RCC_APB1PeriphResetCmd
    stm32f10x_flash.o(i.FLASH_EnableWriteProtection) refers to stm32f10x_flash.o(i.FLASH_WaitForLastOperation) for FLASH_WaitForLastOperation
    stm32f10x_flash.o(i.FLASH_EraseAllBank1Pages) refers to stm32f10x_flash.o(i.FLASH_WaitForLastBank1Operation) for FLASH_WaitForLastBank1Operation
    stm32f10x_flash.o(i.FLASH_EraseAllPages) refers to stm32f10x_flash.o(i.FLASH_WaitForLastOperation) for FLASH_WaitForLastOperation
    stm32f10x_flash.o(i.FLASH_EraseOptionBytes) refers to stm32f10x_flash.o(i.FLASH_GetReadOutProtectionStatus) for FLASH_GetReadOutProtectionStatus
    stm32f10x_flash.o(i.FLASH_EraseOptionBytes) refers to stm32f10x_flash.o(i.FLASH_WaitForLastOperation) for FLASH_WaitForLastOperation
    stm32f10x_flash.o(i.FLASH_ErasePage) refers to stm32f10x_flash.o(i.FLASH_WaitForLastOperation) for FLASH_WaitForLastOperation
    stm32f10x_flash.o(i.FLASH_ProgramHalfWord) refers to stm32f10x_flash.o(i.FLASH_WaitForLastOperation) for FLASH_WaitForLastOperation
    stm32f10x_flash.o(i.FLASH_ProgramOptionByteData) refers to stm32f10x_flash.o(i.FLASH_WaitForLastOperation) for FLASH_WaitForLastOperation
    stm32f10x_flash.o(i.FLASH_ProgramWord) refers to stm32f10x_flash.o(i.FLASH_WaitForLastOperation) for FLASH_WaitForLastOperation
    stm32f10x_flash.o(i.FLASH_ReadOutProtection) refers to stm32f10x_flash.o(i.FLASH_WaitForLastOperation) for FLASH_WaitForLastOperation
    stm32f10x_flash.o(i.FLASH_UserOptionByteConfig) refers to stm32f10x_flash.o(i.FLASH_WaitForLastOperation) for FLASH_WaitForLastOperation
    stm32f10x_flash.o(i.FLASH_WaitForLastBank1Operation) refers to stm32f10x_flash.o(i.FLASH_GetBank1Status) for FLASH_GetBank1Status
    stm32f10x_flash.o(i.FLASH_WaitForLastOperation) refers to stm32f10x_flash.o(i.FLASH_GetBank1Status) for FLASH_GetBank1Status
[...]
    .text                                    0x080007b8   Section        0  _printf_longlong_dec.o(.text)
    .text                                    0x08000834   Section        0  _printf_oct_int_ll.o(.text)
    _printf_longlong_oct_internal            0x08000835   Thumb Code     0  _printf_oct_int_ll.o(.text)
    .text                                    0x080008a4   Section        0  _printf_hex_int_ll_ptr.o(.text)
    _printf_hex_common                       0x080008a5   Thumb Code     0  _printf_hex_int_ll_ptr.o(.text)
    .text                                    0x08000938   Section      138  lludiv10.o(.text)
    .text                                    0x080009c2   Section        0  _printf_fp_dec.o(.text)
    _fp_digits                               0x080009c5   Thumb Code   432  _printf_fp_dec.o(.text)
    .text                                    0x08000de0   Section        0  _printf_fp_hex.o(.text)
    .text                                    0x080010dc   Section        0  _printf_wchar.o(.text)
    .text                                    0x08001108   Section        0  _wcrtomb.o(.text)
    .text                                    0x08001148   Section       74  sys_stackheap_outer.o(.text)
    .text                                    0x08001194   Section       16  rt_ctype_table.o(.text)
    .text                                    0x080011a4   Section        8  rt_locale_intlibspace.o(.text)
    .text                                    0x080011ac   Section        0  _printf_fp_infnan.o(.text)
    .text                                    0x0800122c   Section        0  bigflt0.o(.text)
    .text                                    0x08001310   Section        0  exit.o(.text)
    .text                                    0x08001324   Section        8  libspace.o(.text)
    .text                                    0x0800132c   Section      128  strcmpv7m.o(.text)
    .text                                    0x080013ac   Section        0  sys_exit.o(.text)
    .text                                    0x080013b8   Section        2  use_no_semi.o(.text)
    .text                                    0x080013ba   Section        0  indicate_semi.o(.text)
    CL$$btod_d2e                             0x080013ba   Section       62  btod.o(CL$$btod_d2e)
    CL$$btod_d2e_denorm_low                  0x080013f8   Section       70  btod.o(CL$$btod_d2e_denorm_low)
    CL$$btod_d2e_norm_op1                    0x0800143e   Section       96  btod.o(CL$$btod_d2e_norm_op1)
    CL$$btod_div_common                      0x0800149e   Section      824  btod.o(CL$$btod_div_common)
    CL$$btod_e2e                             0x080017d6   Section      220  btod.o(CL$$btod_e2e)
    CL$$btod_ediv                            0x080018b2   Section       42  btod.o(CL$$btod_ediv)
    CL$$btod_emul                            0x080018dc   Section       42  btod.o(CL$$btod_emul)
    CL$$btod_mult_common                     0x08001906   Section      580  btod.o(CL$$btod_mult_common)
    i.BusFault_Handler                       0x08001b4a   Section        0  stm32f10x_it.o(i.BusFault_Handler)
    i.Data_Simulate                          0x08001b50   Section        0  main.o(i.Data_Simulate)
    Data_Simulate                            0x08001b51   Thumb Code   150  main.o(i.Data_Simulate)
    i.DebugMon_Handler                       0x08001bfc   Section        0  stm32f10x_it.o(i.DebugMon_Handler)
    i.Delay_ms                               0x08001bfe   Section        0  delay.o(i.Delay_ms)
    i.Delay_us                               0x08001c16   Section        0  delay.o(i.Delay_us)
    i.FPGA_AToI                              0x08001c44   Section        0  fpga.o(i.FPGA_AToI)
    FPGA_AToI                                0x08001c45   Thumb Code    34  fpga.o(i.FPGA_AToI)
    i.FPGA_GenerateHarmTestData              0x08001c68   Section        0  fpga.o(i.FPGA_GenerateHarmTestData)
    i.FPGA_GenerateTestData                  0x08001cb0   Section        0  fpga.o(i.FPGA_GenerateTestData)
    i.FPGA_GetPoint                          0x08001d10   Section        0  fpga.o(i.FPGA_GetPoint)
    i.FPGA_GetPointCount                     0x08001d40   Section        0  fpga.o(i.FPGA_GetPointCount)
    i.FPGA_HarmGetPoint                      0x08001d4c   Section        0  fpga.o(i.FPGA_HarmGetPoint)
    i.FPGA_HarmGetPointCount                 0x08001d7c   Section        0  fpga.o(i.FPGA_HarmGetPointCount)
    i.FPGA_HarmTableGetCurrentPage           0x08001d88   Section        0  fpga.o(i.FPGA_HarmTableGetCurrentPage)
    i.FPGA_HarmTableGetTotalPages            0x08001d98   Section        0  fpga.o(i.FPGA_HarmTableGetTotalPages)
    i.FPGA_HarmTableHasData                  0x08001db8   Section        0  fpga.o(i.FPGA_HarmTableHasData)
    i.FPGA_HarmTableNextPage                 0x08001dcc   Section        0  fpga.o(i.FPGA_HarmTableNextPage)
    i.FPGA_HarmTablePrevPage                 0x08001df4   Section        0  fpga.o(i.FPGA_HarmTablePrevPage)
    i.FPGA_Init                              0x08001e0c   Section        0  fpga.o(i.FPGA_Init)
    i.FPGA_InitRX                            0x08001e3c   Section        0  fpga.o(i.FPGA_InitRX)
    i.FPGA_OnRxByte                          0x08001ec8   Section        0  fpga.o(i.FPGA_OnRxByte)
    i.FPGA_ParseLine                         0x08001f14   Section        0  fpga.o(i.FPGA_ParseLine)
    FPGA_ParseLine                           0x08001f15   Thumb Code   106  fpga.o(i.FPGA_ParseLine)
    i.FPGA_SetWave                           0x08001f8c   Section        0  fpga.o(i.FPGA_SetWave)
    i.FPGA_TableGetCurrentPage               0x08001fcc   Section        0  fpga.o(i.FPGA_TableGetCurrentPage)
    i.FPGA_TableGetTotalPages                0x08001fdc   Section        0  fpga.o(i.FPGA_TableGetTotalPages)
    i.FPGA_TableHasData                      0x08001ffc   Section        0  fpga.o(i.FPGA_TableHasData)
    i.FPGA_TableNextPage                     0x08002010   Section        0  fpga.o(i.FPGA_TableNextPage)
    i.FPGA_TablePrevPage                     0x08002038   Section        0  fpga.o(i.FPGA_TablePrevPage)
    i.GPIO_Init                              0x08002050   Section        0  stm32f10x_gpio.o(i.GPIO_Init)
    i.GPIO_ResetBits                         0x08002166   Section        0  stm32f10x_gpio.o(i.GPIO_ResetBits)
    i.GPIO_SetBits                           0x0800216a   Section        0  stm32f10x_gpio.o(i.GPIO_SetBits)
    i.GPIO_WriteBit                          0x0800216e   Section        0  stm32f10x_gpio.o(i.GPIO_WriteBit)
    i.HardFault_Handler                      0x08002178   Section        0  stm32f10x_it.o(i.HardFault_Handler)
    i.MemManage_Handler                      0x0800217c   Section        0  stm32f10x_it.o(i.MemManage_Handler)
    i.NMI_Handler                            0x08002180   Section        0  stm32f10x_it.o(i.NMI_Handler)
    i.NVIC_Init                              0x08002184   Section        0  misc.o(i.NVIC_Init)
    i.OLED_Clear                             0x080021f4   Section        0  oled.o(i.OLED_Clear)
    i.OLED_I2C_Init                          0x08002220   Section        0  oled.o(i.OLED_I2C_Init)
    i.OLED_I2C_SendByte                      0x08002270   Section        0  oled.o(i.OLED_I2C_SendByte)
    i.OLED_I2C_Start                         0x080022cc   Section        0  oled.o(i.OLED_I2C_Start)
    i.OLED_I2C_Stop                          0x08002300   Section        0  oled.o(i.OLED_I2C_Stop)
    i.OLED_Init                              0x08002328   Section        0  oled.o(i.OLED_Init)
    i.OLED_Pow                               0x080023d6   Section        0  oled.o(i.OLED_Pow)
    i.OLED_SetCursor                         0x080023ea   Section        0  oled.o(i.OLED_SetCursor)
    i.OLED_ShowChar                          0x0800240c   Section        0  oled.o(i.OLED_ShowChar)
    i.OLED_ShowNum                           0x08002480   Section        0  oled.o(i.OLED_ShowNum)
    i.OLED_ShowString                        0x080024c4   Section        0  oled.o(i.OLED_ShowString)
    i.OLED_WriteCommand                      0x080024ec   Section        0  oled.o(i.OLED_WriteCommand)
    i.OLED_WriteData                         0x0800250c   Section        0  oled.o(i.OLED_WriteData)
    i.PendSV_Handler                         0x0800252c   Section        0  stm32f10x_it.o(i.PendSV_Handler)
    i.RCC_APB1PeriphClockCmd                 0x08002530   Section        0  stm32f10x_rcc.o(i.RCC_APB1PeriphClockCmd)
    i.RCC_APB2PeriphClockCmd                 0x08002550   Section        0  stm32f10x_rcc.o(i.RCC_APB2PeriphClockCmd)
    i.RCC_GetClocksFreq                      0x08002570   Section        0  stm32f10x_rcc.o(i.RCC_GetClocksFreq)
    i.SVC_Handler                            0x08002644   Section        0  stm32f10x_it.o(i.SVC_Handler)
    i.Serial_Init                            0x08002648   Section        0  serial.o(i.Serial_Init)
    i.Serial_Printf                          0x080026e8   Section        0  serial.o(i.Serial_Printf)
    i.Serial_SendByte                        0x08002710   Section        0  serial.o(i.Serial_SendByte)
    i.Serial_SendString                      0x08002730   Section        0  serial.o(i.Serial_SendString)
    i.SetSysClock                            0x08002746   Section        0  system_stm32f10x.o(i.SetSysClock)
    SetSysClock                              0x08002747   Thumb Code     8  system_stm32f10x.o(i.SetSysClock)
    i.SetSysClockTo72                        0x08002750   Section        0  system_stm32f10x.o(i.SetSysClockTo72)
    SetSysClockTo72                          0x08002751   Thumb Code   214  system_stm32f10x.o(i.SetSysClockTo72)
    i.SysTick_Handler                        0x08002830   Section        0  stm32f10x_it.o(i.SysTick_Handler)
    i.SystemInit                             0x08002834   Section        0  system_stm32f10x.o(i.SystemInit)
    i.TJC_SendCommand                        0x08002894   Section        0  serial.o(i.TJC_SendCommand)
    i.TJC_SetFloat                           0x080028b4   Section        0  serial.o(i.TJC_SetFloat)
    i.TJC_SetNum                             0x08002914   Section        0  serial.o(i.TJC_SetNum)
    i.TJC_SetPage                            0x08002948   Section        0  serial.o(i.TJC_SetPage)
    i.TJC_SetText                            0x08002970   Section        0  serial.o(i.TJC_SetText)
    i.TJC_Table_FormatCell                   0x080029a4   Section        0  serial.o(i.TJC_Table_FormatCell)
    i.TJC_Table_FormatNum                    0x080029d2   Section        0  serial.o(i.TJC_Table_FormatNum)
    i.UI_OnRxByte                            0x08002a54   Section        0  main.o(i.UI_OnRxByte)
    i.UI_Process                             0x08002b9c   Section        0  main.o(i.UI_Process)
    UI_Process                               0x08002b9d   Thumb Code    50  main.o(i.UI_Process)
    i.UI_SetPage                             0x08002bd4   Section        0  main.o(i.UI_SetPage)
    UI_SetPage                               0x08002bd5   Thumb Code    12  main.o(i.UI_SetPage)
    i.UI_UpdateHome                          0x08002be0   Section        0  main.o(i.UI_UpdateHome)
    UI_UpdateHome                            0x08002be1   Thumb Code    38  main.o(i.UI_UpdateHome)
    i.UI_UpdateParam                         0x08002c18   Section        0  main.o(i.UI_UpdateParam)
    UI_UpdateParam                           0x08002c19   Thumb Code    34  main.o(i.UI_UpdateParam)
    i.UI_UpdateTable                         0x08002c44   Section        0  main.o(i.UI_UpdateTable)
    UI_UpdateTable                           0x08002c45   Thumb Code   214  main.o(i.UI_UpdateTable)
    i.UI_UpdateWave                          0x08002d50   Section        0  main.o(i.UI_UpdateWave)
    UI_UpdateWave                            0x08002d51   Thumb Code   102  main.o(i.UI_UpdateWave)
    i.UI_UpdateWaveTable                     0x08002de0   Section        0  main.o(i.UI_UpdateWaveTable)
    UI_UpdateWaveTable                       0x08002de1   Thumb Code   240  main.o(i.UI_UpdateWaveTable)
    i.USART1_IRQHandler                      0x08002f10   Section        0  stm32f10x_it.o(i.USART1_IRQHandler)
    i.USART2_IRQHandler                      0x08002f40   Section        0  stm32f10x_it.o(i.USART2_IRQHandler)
    i.USART_ClearITPendingBit                0x08002f6c   Section        0  stm32f10x_usart.o(i.USART_ClearITPendingBit)
    i.USART_Cmd                              0x08002f8a   Section        0  stm32f10x_usart.o(i.USART_Cmd)
    i.USART_GetFlagStatus                    0x08002fa2   Section        0  stm32f10x_usart.o(i.USART_GetFlagStatus)
    i.USART_GetITStatus                      0x08002fbc   Section        0  stm32f10x_usart.o(i.USART_GetITStatus)
    i.USART_ITConfig                         0x08003010   Section        0  stm32f10x_usart.o(i.USART_ITConfig)
    i.USART_Init                             0x0800305c   Section        0  stm32f10x_usart.o(i.USART_Init)
    i.USART_ReceiveData                      0x08003134   Section        0  stm32f10x_usart.o(i.USART_ReceiveData)
    i.USART_SendData                         0x0800313e   Section        0  stm32f10x_usart.o(i.USART_SendData)
    i.UsageFault_Handler                     0x08003146   Section        0  stm32f10x_it.o(i.UsageFault_Handler)
    i.__ARM_fpclassify                       0x0800314a   Section        0  fpclassify.o(i.__ARM_fpclassify)
    i._is_digit                              0x08003172   Section        0  __printf_wp.o(i._is_digit)
    i.main                                   0x08003180   Section        0  main.o(i.main)
    locale$$code                             0x080032c4   Section       44  lc_numeric_c.o(locale$$code)
    locale$$code                             0x080032f0   Section       44  lc_ctype_c.o(locale$$code)
    x$fpl$dadd                               0x0800331c   Section      336  daddsub_clz.o(x$fpl$dadd)
    _dadd1                                   0x0800332d   Thumb Code     0  daddsub_clz.o(x$fpl$dadd)
    x$fpl$dfix                               0x0800346c   Section       94  dfix.o(x$fpl$dfix)
    x$fpl$dnaninf                            0x080034ca   Section      156  dnaninf.o(x$fpl$dnaninf)
    x$fpl$dretinf                            0x08003566   Section       12  dretinf.o(x$fpl$dretinf)
    x$fpl$dsub                               0x08003574   Section      468  daddsub_clz.o(x$fpl$dsub)
    _dsub1                                   0x08003585   Thumb Code     0  daddsub_clz.o(x$fpl$dsub)
    x$fpl$f2d                                0x08003748   Section       86  f2d.o(x$fpl$f2d)
    x$fpl$fadd                               0x080037a0   Section      196  faddsub_clz.o(x$fpl$fadd)
    _fadd1                                   0x080037af   Thumb Code     0  faddsub_clz.o(x$fpl$fadd)
    x$fpl$fflt                               0x08003864   Section       48  fflt_clz.o(x$fpl$fflt)
    x$fpl$fmul                               0x08003894   Section      258  fmul.o(x$fpl$fmul)
    x$fpl$fnaninf                            0x08003996   Section      140  fnaninf.o(x$fpl$fnaninf)
    x$fpl$fretinf                            0x08003a22   Section       10  fretinf.o(x$fpl$fretinf)
    x$fpl$fsub                               0x08003a2c   Section      234  faddsub_clz.o(x$fpl$fsub)
    _fsub1                                   0x08003a3b   Thumb Code     0  faddsub_clz.o(x$fpl$fsub)
    x$fpl$printf1                            0x08003b16   Section        4  printf1.o(x$fpl$printf1)
    x$fpl$printf2                            0x08003b1a   Section        4  printf2.o(x$fpl$printf2)
    .constdata                               0x08003b1e   Section     1520  oled.o(.constdata)
    x$fpl$usenofp                            0x08003b1e   Section        0  usenofp.o(x$fpl$usenofp)
    .constdata                               0x0800410e   Section       64  main.o(.constdata)
    g_SineLut                                0x0800410e   Data          64  main.o(.constdata)
    .constdata                               0x0800414e   Section       17  __printf_flags_ss_wp.o(.constdata)
    maptable                                 0x0800414e   Data          17  __printf_flags_ss_wp.o(.constdata)
    .constdata                               0x08004160   Section        8  _printf_wctomb.o(.constdata)
    initial_mbstate                          0x08004160   Data           8  _printf_wctomb.o(.constdata)
    .constdata                               0x08004168   Section       40  _printf_hex_int_ll_ptr.o(.constdata)
    uc_hextab                                0x08004168   Data          20  _printf_hex_int_ll_ptr.o(.constdata)
    lc_hextab                                0x0800417c   Data          20  _printf_hex_int_ll_ptr.o(.constdata)
    .constdata                               0x08004190   Section       38  _printf_fp_hex.o(.constdata)
    lc_hextab                                0x08004190   Data          19  _printf_fp_hex.o(.constdata)
    uc_hextab                                0x080041a3   Data          19  _printf_fp_hex.o(.constdata)
    .constdata                               0x080041b8   Section      148  bigflt0.o(.constdata)
    tenpwrs_x                                0x080041b8   Data          60  bigflt0.o(.constdata)
    tenpwrs_i                                0x080041f4   Data          64  bigflt0.o(.constdata)
    locale$$data                             0x0800426c   Section       28  lc_numeric_c.o(locale$$data)
    __lcnum_c_name                           0x08004270   Data           2  lc_numeric_c.o(locale$$data)
    __lcnum_c_start                          0x08004278   Data           0  lc_numeric_c.o(locale$$data)
    __lcnum_c_point                          0x08004284   Data           0  lc_numeric_c.o(locale$$data)
    __lcnum_c_thousands                      0x08004286   Data           0  lc_numeric_c.o(locale$$data)
    __lcnum_c_grouping                       0x08004287   Data           0  lc_numeric_c.o(locale$$data)
    locale$$data                             0x08004288   Section      272  lc_ctype_c.o(locale$$data)
    __lcnum_c_end                            0x08004288   Data           0  lc_numeric_c.o(locale$$data)
    __lcctype_c_name                         0x0800428c   Data           2  lc_ctype_c.o(locale$$data)
    __lcctype_c_start                        0x08004294   Data           0  lc_ctype_c.o(locale$$data)
    __lcctype_c_end                          0x08004398   Data           0  lc_ctype_c.o(locale$$data)
    .data                                    0x20000000   Section       20  stm32f10x_rcc.o(.data)
    APBAHBPrescTable                         0x20000000   Data          16  stm32f10x_rcc.o(.data)
    ADCPrescTable                            0x20000010   Data           4  stm32f10x_rcc.o(.data)
    .data                                    0x20000014   Section        9  fpga.o(.data)
    g_PointCount                             0x20000014   Data           2  fpga.o(.data)
    g_TablePage                              0x20000016   Data           2  fpga.o(.data)
    g_HarmCount                              0x20000018   Data           2  fpga.o(.data)
    g_HarmPage                               0x2000001a   Data           2  fpga.o(.data)
    lineLen                                  0x2000001c   Data           1  fpga.o(.data)
    .data                                    0x20000020   Section       16  main.o(.data)
    g_Page                                   0x20000020   Data           1  main.o(.data)
    g_PageSyncReady                          0x20000021   Data           1  main.o(.data)
    g_WaveNeedClear                          0x20000022   Data           1  main.o(.data)
    g_SineIndex                              0x20000023   Data           1  main.o(.data)
    g_LastTouchPage                          0x20000024   Data           1  main.o(.data)
    g_LastTouchComp                          0x20000025   Data           1  main.o(.data)
    g_LastTouchEvent                         0x20000026   Data           1  main.o(.data)
    g_TouchReady                             0x20000027   Data           1  main.o(.data)
    len                                      0x20000028   Data           1  main.o(.data)
    ffCnt                                    0x20000029   Data           1  main.o(.data)
    cnt                                      0x2000002c   Data           4  main.o(.data)
    .bss                                     0x20000030   Section    13232  fpga.o(.bss)
    g_FreqData                               0x20000030   Data        8000  fpga.o(.bss)
    g_AmpData                                0x20001f70   Data        4000  fpga.o(.bss)
    g_HarmFreq                               0x20002f10   Data         800  fpga.o(.bss)
    g_HarmAmp                                0x20003230   Data         400  fpga.o(.bss)
    lineBuf                                  0x200033c0   Data          32  fpga.o(.bss)
    .bss                                     0x200033e0   Section       36  main.o(.bss)
    g_Data                                   0x200033e0   Data          20  main.o(.bss)
    buf                                      0x200033f4   Data          16  main.o(.bss)
    .bss                                     0x20003404   Section       96  libspace.o(.bss)
    HEAP                                     0x20003468   Section      512  startup_stm32f10x_md.o(HEAP)
    Heap_Mem                                 0x20003468   Data         512  startup_stm32f10x_md.o(HEAP)
    STACK                                    0x20003668   Section     1024  startup_stm32f10x_md.o(STACK)
    Stack_Mem                                0x20003668   Data        1024  startup_stm32f10x_md.o(STACK)
    __initial_sp                             0x20003a68   Data           0  startup_stm32f10x_md.o(STACK)

    Global Symbols

    Symbol Name                              Value     Ov Type        Size  Object(Section)

    BuildAttributes$$THM_ISAv4$P$D$K$B$S$PE$A:L22UL41UL21$X:L11$S22US41US21$IEEE1$IW$USESV6$~STKCKD$USESV7$~SHL$OTIME$ROPI$IEEEJ$EBA8$UX$STANDARDLIB$REQ8$PRES8$EABIv2 0x00000000   Number         0  anon$$obj.o ABSOLUTE
    __ARM_use_no_argv                        0x00000000   Number         0  main.o ABSOLUTE
    _printf_flags                            0x00000000   Number         0  printf_stubs.o ABSOLUTE
    _printf_return_value                     0x00000000   Number         0  printf_stubs.o ABSOLUTE
    _printf_sizespec                         0x00000000   Number         0  printf_stubs.o ABSOLUTE
    _printf_widthprec                        0x00000000   Number         0  printf_stubs.o ABSOLUTE
    __ARM_exceptions_init                     - Undefined Weak Reference
    __alloca_initialize                       - Undefined Weak Reference
    __arm_preinit_                            - Undefined Weak Reference
    __cpp_initialize__aeabi_                  - Undefined Weak Reference
    __cxa_finalize                            - Undefined Weak Reference
    __sigvec_lookup                           - Undefined Weak Reference
    _atexit_init                              - Undefined Weak Reference
    _call_atexit_fns                          - Undefined Weak Reference
    _clock_init                               - Undefined Weak Reference
    _fp_trap_init                             - Undefined Weak Reference
    _fp_trap_shutdown                         - Undefined Weak Reference
    _get_lc_collate                           - Undefined Weak Reference
    _get_lc_monetary                          - Undefined Weak Reference
    _get_lc_time                              - Undefined Weak Reference
    _getenv_init                              - Undefined Weak Reference
    _handle_redirection                       - Undefined Weak Reference
    _init_alloc                               - Undefined Weak Reference
    _init_user_alloc                          - Undefined Weak Reference
    _initio                                   - Undefined Weak Reference
    _printf_mbtowc                            - Undefined Weak Reference
    _printf_wc                                - Undefined Weak Reference
    _rand_init                                - Undefined Weak Reference
    _signal_finish                            - Undefined Weak Reference
    _signal_init                              - Undefined Weak Reference
    _terminate_alloc                          - Undefined Weak Reference
    _terminate_user_alloc                     - Undefined Weak Reference
    _terminateio                              - Undefined Weak Reference
    __Vectors_Size                           0x000000ec   Number         0  startup_stm32f10x_md.o ABSOLUTE
    __Vectors                                0x08000000   Data           4  startup_stm32f10x_md.o(RESET)
    __Vectors_End                            0x080000ec   Data           0  startup_stm32f10x_md.o(RESET)
    __main                                   0x080000ed   Thumb Code     8  __main.o(!!!main)
    __scatterload                            0x080000f5   Thumb Code     0  __scatter.o(!!!scatter)
    __scatterload_rt2                        0x080000f5   Thumb Code    44  __scatter.o(!!!scatter)
    __scatterload_rt2_thumb_only             0x080000f5   Thumb Code     0  __scatter.o(!!!scatter)
    __scatterload_null                       0x08000103   Thumb Code     0  __scatter.o(!!!scatter)
    __scatterload_copy                       0x08000129   Thumb Code    26  __scatter_copy.o(!!handler_copy)
    __scatterload_zeroinit                   0x08000145   Thumb Code    28  __scatter_zi.o(!!handler_zi)
    _printf_n                                0x08000161   Thumb Code     0  _printf_n.o(.ARM.Collect$$_printf_percent$$00000001)
    _printf_percent                          0x08000161   Thumb Code     0  _printf_percent.o(.ARM.Collect$$_printf_percent$$00000000)
    _printf_p                                0x08000167   Thumb Code     0  _printf_p.o(.ARM.Collect$$_printf_percent$$00000002)
    _printf_f                                0x0800016d   Thumb Code     0  _printf_f.o(.ARM.Collect$$_printf_percent$$00000003)
    _printf_e                                0x08000173   Thumb Code     0  _printf_e.o(.ARM.Collect$$_printf_percent$$00000004)
    _printf_g                                0x08000179   Thumb Code     0  _printf_g.o(.ARM.Collect$$_printf_percent$$00000005)
    _printf_a                                0x0800017f   Thumb Code     0  _printf_a.o(.ARM.Collect$$_printf_percent$$00000006)
    _printf_ll                               0x08000185   Thumb Code     0  _printf_ll.o(.ARM.Collect$$_printf_percent$$00000007)
    _printf_i                                0x0800018f   Thumb Code     0  _printf_i.o(.ARM.Collect$$_printf_percent$$00000008)
    _printf_d                                0x08000195   Thumb Code     0  _printf_d.o(.ARM.Collect$$_printf_percent$$00000009)
    _printf_u                                0x0800019b   Thumb Code     0  _printf_u.o(.ARM.Collect$$_printf_percent$$0000000A)
    _printf_o                                0x080001a1   Thumb Code     0  _printf_o.o(.ARM.Collect$$_printf_percent$$0000000B)
    _printf_x                                0x080001a7   Thumb Code     0  _printf_x.o(.ARM.Collect$$_printf_percent$$0000000C)
    _printf_lli                              0x080001ad   Thumb Code     0  _printf_lli.o(.ARM.Collect$$_printf_percent$$0000000D)
    _printf_lld                              0x080001b3   Thumb Code     0  _printf_lld.o(.ARM.Collect$$_printf_percent$$0000000E)
    _printf_llu                              0x080001b9   Thumb Code     0  _printf_llu.o(.ARM.Collect$$_printf_percent$$0000000F)
    _printf_llo                              0x080001bf   Thumb Code     0  _printf_llo.o(.ARM.Collect$$_printf_percent$$00000010)
    _printf_llx                              0x080001c5   Thumb Code     0  _printf_llx.o(.ARM.Collect$$_printf_percent$$00000011)
    _printf_l                                0x080001cb   Thumb Code     0  _printf_l.o(.ARM.Collect$$_printf_percent$$00000012)
    _printf_c                                0x080001d5   Thumb Code     0  _printf_c.o(.ARM.Collect$$_printf_percent$$00000013)
    _printf_s                                0x080001db   Thumb Code     0  _printf_s.o(.ARM.Collect$$_printf_percent$$00000014)
    _printf_lc                               0x080001e1   Thumb Code     0  _printf_lc.o(.ARM.Collect$$_printf_percent$$00000015)
    _printf_ls                               0x080001e7   Thumb Code     0  _printf_ls.o(.ARM.Collect$$_printf_percent$$00000016)
    _printf_percent_end                      0x080001ed   Thumb Code     0  _printf_percent_end.o(.ARM.Collect$$_printf_percent$$00000017)
    __rt_lib_init                            0x080001f1   Thumb Code     0  libinit.o(.ARM.Collect$$libinit$$00000000)
    __rt_lib_init_fp_1                       0x080001f3   Thumb Code     0  libinit2.o(.ARM.Collect$$libinit$$00000002)
    __rt_lib_init_heap_1                     0x080001f3   Thumb Code     0  libinit2.o(.ARM.Collect$$libinit$$0000000A)
    __rt_lib_init_lc_common                  0x080001f3   Thumb Code     0  libinit2.o(.ARM.Collect$$libinit$$0000000F)
    __rt_lib_init_preinit_1                  0x080001f3   Thumb Code     0  libinit2.o(.ARM.Collect$$libinit$$00000004)
    __rt_lib_init_rand_1                     0x080001f3   Thumb Code     0  libinit2.o(.ARM.Collect$$libinit$$0000000E)
    __rt_lib_init_user_alloc_1               0x080001f3   Thumb Code     0  libinit2.o(.ARM.Collect$$libinit$$0000000C)
    __rt_lib_init_lc_collate_1               0x080001f9   Thumb Code     0  libinit2.o(.ARM.Collect$$libinit$$00000011)
    __rt_lib_init_lc_ctype_2                 0x080001f9   Thumb Code     0  libinit2.o(.ARM.Collect$$libinit$$00000012)
    __rt_lib_init_lc_ctype_1                 0x08000205   Thumb Code     0  libinit2.o(.ARM.Collect$$libinit$$00000013)
    __rt_lib_init_lc_monetary_1              0x08000205   Thumb Code     0  libinit2.o(.ARM.Collect$$libinit$$00000015)
    __rt_lib_init_lc_numeric_2               0x08000205   Thumb Code     0  libinit2.o(.ARM.Collect$$libinit$$00000016)
    __rt_lib_init_alloca_1                   0x0800020f   Thumb Code     0  libinit2.o(.ARM.Collect$$libinit$$0000002E)
    __rt_lib_init_argv_1                     0x0800020f   Thumb Code     0  libinit2.o(.ARM.Collect$$libinit$$0000002C)
    __rt_lib_init_atexit_1                   0x0800020f   Thumb Code     0  libinit2.o(.ARM.Collect$$libinit$$0000001B)
    __rt_lib_init_clock_1                    0x0800020f   Thumb Code     0  libinit2.o(.ARM.Collect$$libinit$$00000021)
    __rt_lib_init_cpp_1                      0x0800020f   Thumb Code     0  libinit2.o(.ARM.Collect$$libinit$$00000032)
    __rt_lib_init_exceptions_1               0x0800020f   Thumb Code     0  libinit2.o(.ARM.Collect$$libinit$$00000030)
    __rt_lib_init_fp_trap_1                  0x0800020f   Thumb Code     0  libinit2.o(.ARM.Collect$$libinit$$0000001F)
    __rt_lib_init_getenv_1                   0x0800020f   Thumb Code     0  libinit2.o(.ARM.Collect$$libinit$$00000023)
    __rt_lib_init_lc_numeric_1               0x0800020f   Thumb Code     0  libinit2.o(.ARM.Collect$$libinit$$00000017)
    __rt_lib_init_lc_time_1                  0x0800020f   Thumb Code     0  libinit2.o(.ARM.Collect$$libinit$$00000019)
    __rt_lib_init_return                     0x0800020f   Thumb Code     0  libinit2.o(.ARM.Collect$$libinit$$00000033)
    __rt_lib_init_signal_1                   0x0800020f   Thumb Code     0  libinit2.o(.ARM.Collect$$libinit$$0000001D)
    __rt_lib_init_stdio_1                    0x0800020f   Thumb Code     0  libinit2.o(.ARM.Collect$$libinit$$00000025)
    __rt_lib_shutdown                        0x08000211   Thumb Code     0  libshutdown.o(.ARM.Collect$$libshutdown$$00000000)
    __rt_lib_shutdown_cpp_1                  0x08000213   Thumb Code     0  libshutdown2.o(.ARM.Collect$$libshutdown$$00000002)
    __rt_lib_shutdown_fp_trap_1              0x08000213   Thumb Code     0  libshutdown2.o(.ARM.Collect$$libshutdown$$00000007)
    __rt_lib_shutdown_heap_1                 0x08000213   Thumb Code     0  libshutdown2.o(.ARM.Collect$$libshutdown$$0000000F)
    __rt_lib_shutdown_return                 0x08000213   Thumb Code     0  libshutdown2.o(.ARM.Collect$$libshutdown$$00000010)
    __rt_lib_shutdown_signal_1               0x08000213   Thumb Code     0  libshutdown2.o(.ARM.Collect$$libshutdown$$0000000A)
    __rt_lib_shutdown_stdio_1                0x08000213   Thumb Code     0  libshutdown2.o(.ARM.Collect$$libshutdown$$00000004)
    __rt_lib_shutdown_user_alloc_1           0x08000213   Thumb Code     0  libshutdown2.o(.ARM.Collect$$libshutdown$$0000000C)
    __rt_entry                               0x08000215   Thumb Code     0  __rtentry.o(.ARM.Collect$$rtentry$$00000000)
    __rt_entry_presh_1                       0x08000215   Thumb Code     0  __rtentry2.o(.ARM.Collect$$rtentry$$00000002)
    __rt_entry_sh                            0x08000215   Thumb Code     0  __rtentry4.o(.ARM.Collect$$rtentry$$00000004)
    __rt_entry_li                            0x0800021b   Thumb Code     0  __rtentry2.o(.ARM.Collect$$rtentry$$0000000A)
    __rt_entry_postsh_1                      0x0800021b   Thumb Code     0  __rtentry2.o(.ARM.Collect$$rtentry$$00000009)
    __rt_entry_main                          0x0800021f   Thumb Code     0  __rtentry2.o(.ARM.Collect$$rtentry$$0000000D)
    __rt_entry_postli_1                      0x0800021f   Thumb Code     0  __rtentry2.o(.ARM.Collect$$rtentry$$0000000C)
    __rt_exit                                0x08000227   Thumb Code     0  rtexit.o(.ARM.Collect$$rtexit$$00000000)
    __rt_exit_ls                             0x08000229   Thumb Code     0  rtexit2.o(.ARM.Collect$$rtexit$$00000003)
    __rt_exit_prels_1                        0x08000229   Thumb Code     0  rtexit2.o(.ARM.Collect$$rtexit$$00000002)
    __rt_exit_exit                           0x0800022d   Thumb Code     0  rtexit2.o(.ARM.Collect$$rtexit$$00000004)
    Reset_Handler                            0x08000235   Thumb Code     8  startup_stm32f10x_md.o(.text)
    ADC1_2_IRQHandler                        0x0800024f   Thumb Code     0  startup_stm32f10x_md.o(.text)
    CAN1_RX1_IRQHandler                      0x0800024f   Thumb Code     0  startup_stm32f10x_md.o(.text)
    CAN1_SCE_IRQHandler                      0x0800024f   Thumb Code     0  startup_stm32f10x_md.o(.text)
    DMA1_Channel1_IRQHandler                 0x0800024f   Thumb Code     0  startup_stm32f10x_md.o(.text)
    DMA1_Channel2_IRQHandler                 0x0800024f   Thumb Code     0  startup_stm32f10x_md.o(.text)
    DMA1_Channel3_IRQHandler                 0x0800024f   Thumb Code     0  startup_stm32f10x_md.o(.text)
    DMA1_Channel4_IRQHandler                 0x0800024f   Thumb Code     0  startup_stm32f10x_md.o(.text)
    DMA1_Channel5_IRQHandler                 0x0800024f   Thumb Code     0  startup_stm32f10x_md.o(.text)
    DMA1_Channel6_IRQHandler                 0x0800024f   Thumb Code     0  startup_stm32f10x_md.o(.text)
    DMA1_Channel7_IRQHandler                 0x0800024f   Thumb Code     0  startup_stm32f10x_md.o(.text)
    EXTI0_IRQHandler                         0x0800024f   Thumb Code     0  startup_stm32f10x_md.o(.text)
    EXTI15_10_IRQHandler                     0x0800024f   Thumb Code     0  startup_stm32f10x_md.o(.text)
    EXTI1_IRQHandler                         0x0800024f   Thumb Code     0  startup_stm32f10x_md.o(.text)
    EXTI2_IRQHandler                         0x0800024f   Thumb Code     0  startup_stm32f10x_md.o(.text)
    EXTI3_IRQHandler                         0x0800024f   Thumb Code     0  startup_stm32f10x_md.o(.text)
    EXTI4_IRQHandler                         0x0800024f   Thumb Code     0  startup_stm32f10x_md.o(.text)
    EXTI9_5_IRQHandler                       0x0800024f   Thumb Code     0  startup_stm32f10x_md.o(.text)
    FLASH_IRQHandler                         0x0800024f   Thumb Code     0  startup_stm32f10x_md.o(.text)
    I2C1_ER_IRQHandler                       0x0800024f   Thumb Code     0  startup_stm32f10x_md.o(.text)
    I2C1_EV_IRQHandler                       0x0800024f   Thumb Code     0  startup_stm32f10x_md.o(.text)
    I2C2_ER_IRQHandler                       0x0800024f   Thumb Code     0  startup_stm32f10x_md.o(.text)
    I2C2_EV_IRQHandler                       0x0800024f   Thumb Code     0  startup_stm32f10x_md.o(.text)
    PVD_IRQHandler                           0x0800024f   Thumb Code     0  startup_stm32f10x_md.o(.text)
    RCC_IRQHandler                           0x0800024f   Thumb Code     0  startup_stm32f10x_md.o(.text)
    RTCAlarm_IRQHandler                      0x0800024f   Thumb Code     0  startup_stm32f10x_md.o(.text)
    RTC_IRQHandler                           0x0800024f   Thumb Code     0  startup_stm32f10x_md.o(.text)
    SPI1_IRQHandler                          0x0800024f   Thumb Code     0  startup_stm32f10x_md.o(.text)
    SPI2_IRQHandler                          0x0800024f   Thumb Code     0  startup_stm32f10x_md.o(.text)
    TAMPER_IRQHandler                        0x0800024f   Thumb Code     0  startup_stm32f10x_md.o(.text)
    TIM1_BRK_IRQHandler                      0x0800024f   Thumb Code     0  startup_stm32f10x_md.o(.text)
    TIM1_CC_IRQHandler                       0x0800024f   Thumb Code     0  startup_stm32f10x_md.o(.text)
    TIM1_TRG_COM_IRQHandler                  0x0800024f   Thumb Code     0  startup_stm32f10x_md.o(.text)
    TIM1_UP_IRQHandler                       0x0800024f   Thumb Code     0  startup_stm32f10x_md.o(.text)
    TIM2_IRQHandler                          0x0800024f   Thumb Code     0  startup_stm32f10x_md.o(.text)
    TIM3_IRQHandler                          0x0800024f   Thumb Code     0  startup_stm32f10x_md.o(.text)
    TIM4_IRQHandler                          0x0800024f   Thumb Code     0  startup_stm32f10x_md.o(.text)
    USART3_IRQHandler                        0x0800024f   Thumb Code     0  startup_stm32f10x_md.o(.text)
    USBWakeUp_IRQHandler                     0x0800024f   Thumb Code     0  startup_stm32f10x_md.o(.text)
    USB_HP_CAN1_TX_IRQHandler                0x0800024f   Thumb Code     0  startup_stm32f10x_md.o(.text)
    USB_LP_CAN1_RX0_IRQHandler               0x0800024f   Thumb Code     0  startup_stm32f10x_md.o(.text)
    WWDG_IRQHandler                          0x0800024f   Thumb Code     0  startup_stm32f10x_md.o(.text)
    __user_initial_stackheap                 0x08000251   Thumb Code     0  startup_stm32f10x_md.o(.text)
    vsnprintf                                0x08000275   Thumb Code    48  vsnprintf.o(.text)
    __2snprintf                              0x080002a9   Thumb Code    50  __2snprintf.o(.text)
    _printf_pre_padding                      0x080002e1   Thumb Code    44  _printf_pad.o(.text)
    _printf_post_padding                     0x0800030d   Thumb Code    34  _printf_pad.o(.text)
    _printf_str                              0x0800032f   Thumb Code    82  _printf_str.o(.text)
    _printf_int_dec                          0x08000381   Thumb Code   104  _printf_dec.o(.text)
    __printf                                 0x080003f9   Thumb Code   388  __printf_flags_ss_wp.o(.text)
    __use_two_region_memory                  0x08000581   Thumb Code     2  heapauxi.o(.text)
    __rt_heap_escrow$2region                 0x08000583   Thumb Code     2  heapauxi.o(.text)
    __rt_heap_expand$2region                 0x08000585   Thumb Code     2  heapauxi.o(.text)
    _printf_truncate_signed                  0x08000587   Thumb Code    18  _printf_truncate.o(.text)
    _printf_truncate_unsigned                0x08000599   Thumb Code    18  _printf_truncate.o(.text)
    _printf_int_common                       0x080005ab   Thumb Code   178  _printf_intcommon.o(.text)
    _printf_charcount                        0x0800065d   Thumb Code    40  _printf_charcount.o(.text)
    _printf_char_common                      0x0800068f   Thumb Code    32  _printf_char_common.o(.text)
    _sputc                                   0x080006b5   Thumb Code    10  _sputc.o(.text)
    _snputc                                  0x080006bf   Thumb Code    16  _snputc.o(.text)
    _printf_cs_common                        0x080006cf   Thumb Code    20  _printf_char.o(.text)
    _printf_char                             0x080006e3   Thumb Code    16  _printf_char.o(.text)
    _printf_string                           0x080006f3   Thumb Code     8  _printf_char.o(.text)
    _printf_wctomb                           0x080006fd   Thumb Code   182  _printf_wctomb.o(.text)
    _printf_longlong_dec                     0x080007b9   Thumb Code   108  _printf_longlong_dec.o(.text)
    _printf_longlong_oct                     0x08000835   Thumb Code    66  _printf_oct_int_ll.o(.text)
    _printf_int_oct                          0x08000877   Thumb Code    24  _printf_oct_int_ll.o(.text)
    _printf_ll_oct                           0x0800088f   Thumb Code    12  _printf_oct_int_ll.o(.text)
    _printf_longlong_hex                     0x080008a5   Thumb Code    86  _printf_hex_int_ll_ptr.o(.text)
    _printf_int_hex                          0x080008fb   Thumb Code    28  _printf_hex_int_ll_ptr.o(.text)
    _printf_ll_hex                           0x08000917   Thumb Code    12  _printf_hex_int_ll_ptr.o(.text)
    _printf_hex_ptr                          0x08000923   Thumb Code    18  _printf_hex_int_ll_ptr.o(.text)
    _ll_udiv10                               0x08000939   Thumb Code   138  lludiv10.o(.text)
    __lib_sel_fp_printf                      0x080009c3   Thumb Code     2  _printf_fp_dec.o(.text)
    _printf_fp_dec_real                      0x08000b75   Thumb Code   620  _printf_fp_dec.o(.text)
    _printf_fp_hex_real                      0x08000de1   Thumb Code   756  _printf_fp_hex.o(.text)
    _printf_lcs_common                       0x080010dd   Thumb Code    20  _printf_wchar.o(.text)
    _printf_wchar                            0x080010f1   Thumb Code    16  _printf_wchar.o(.text)
    _printf_wstring                          0x08001101   Thumb Code     8  _printf_wchar.o(.text)
    _wcrtomb                                 0x08001109   Thumb Code    64  _wcrtomb.o(.text)
    __user_setup_stackheap                   0x08001149   Thumb Code    74  sys_stackheap_outer.o(.text)
    __rt_ctype_table                         0x08001195   Thumb Code    16  rt_ctype_table.o(.text)
    __rt_locale                              0x080011a5   Thumb Code     8  rt_locale_intlibspace.o(.text)
    _printf_fp_infnan                        0x080011ad   Thumb Code   112  _printf_fp_infnan.o(.text)
    _btod_etento                             0x0800122d   Thumb Code   224  bigflt0.o(.text)
    exit                                     0x08001311   Thumb Code    18  exit.o(.text)
    __user_libspace                          0x08001325   Thumb Code     8  libspace.o(.text)
    __user_perproc_libspace                  0x08001325   Thumb Code     0  libspace.o(.text)
    __user_perthread_libspace                0x08001325   Thumb Code     0  libspace.o(.text)
    strcmp                                   0x0800132d   Thumb Code   128  strcmpv7m.o(.text)
    _sys_exit                                0x080013ad   Thumb Code     8  sys_exit.o(.text)
    __I$use$semihosting                      0x080013b9   Thumb Code     0  use_no_semi.o(.text)
    __use_no_semihosting_swi                 0x080013b9   Thumb Code     2  use_no_semi.o(.text)
    __semihosting_library_function           0x080013bb   Thumb Code     0  indicate_semi.o(.text)
    _btod_d2e                                0x080013bb   Thumb Code    62  btod.o(CL$$btod_d2e)
    _d2e_denorm_low                          0x080013f9   Thumb Code    70  btod.o(CL$$btod_d2e_denorm_low)
    _d2e_norm_op1                            0x0800143f   Thumb Code    96  btod.o(CL$$btod_d2e_norm_op1)
    __btod_div_common                        0x0800149f   Thumb Code   696  btod.o(CL$$btod_div_common)
    _e2e                                     0x080017d7   Thumb Code   220  btod.o(CL$$btod_e2e)
    _btod_ediv                               0x080018b3   Thumb Code    42  btod.o(CL$$btod_ediv)
    _btod_emul                               0x080018dd   Thumb Code    42  btod.o(CL$$btod_emul)
    __btod_mult_common                       0x08001907   Thumb Code   580  btod.o(CL$$btod_mult_common)
    BusFault_Handler                         0x08001b4b   Thumb Code     4  stm32f10x_it.o(i.BusFault_Handler)
    DebugMon_Handler                         0x08001bfd   Thumb Code     2  stm32f10x_it.o(i.DebugMon_Handler)
    Delay_ms                                 0x08001bff   Thumb Code    24  delay.o(i.Delay_ms)
    Delay_us                                 0x08001c17   Thumb Code    46  delay.o(i.Delay_us)
    FPGA_GenerateHarmTestData                0x08001c69   Thumb Code    56  fpga.o(i.FPGA_GenerateHarmTestData)
    FPGA_GenerateTestData                    0x08001cb1   Thumb Code    76  fpga.o(i.FPGA_GenerateTestData)
    FPGA_GetPoint                            0x08001d11   Thumb Code    34  fpga.o(i.FPGA_GetPoint)
    FPGA_GetPointCount                       0x08001d41   Thumb Code     6  fpga.o(i.FPGA_GetPointCount)
    FPGA_HarmGetPoint                        0x08001d4d   Thumb Code    34  fpga.o(i.FPGA_HarmGetPoint)
    FPGA_HarmGetPointCount                   0x08001d7d   Thumb Code     6  fpga.o(i.FPGA_HarmGetPointCount)
    FPGA_HarmTableGetCurrentPage             0x08001d89   Thumb Code    10  fpga.o(i.FPGA_HarmTableGetCurrentPage)
    FPGA_HarmTableGetTotalPages              0x08001d99   Thumb Code    28  fpga.o(i.FPGA_HarmTableGetTotalPages)
    FPGA_HarmTableHasData                    0x08001db9   Thumb Code    16  fpga.o(i.FPGA_HarmTableHasData)
    FPGA_HarmTableNextPage                   0x08001dcd   Thumb Code    36  fpga.o(i.FPGA_HarmTableNextPage)
    FPGA_HarmTablePrevPage                   0x08001df5   Thumb Code    20  fpga.o(i.FPGA_HarmTablePrevPage)
    FPGA_Init                                0x08001e0d   Thumb Code    44  fpga.o(i.FPGA_Init)
    FPGA_InitRX                              0x08001e3d   Thumb Code   132  fpga.o(i.FPGA_InitRX)
    FPGA_OnRxByte                            0x08001ec9   Thumb Code    66  fpga.o(i.FPGA_OnRxByte)
    FPGA_SetWave                             0x08001f8d   Thumb Code    60  fpga.o(i.FPGA_SetWave)
    FPGA_TableGetCurrentPage                 0x08001fcd   Thumb Code    10  fpga.o(i.FPGA_TableGetCurrentPage)
    FPGA_TableGetTotalPages                  0x08001fdd   Thumb Code    28  fpga.o(i.FPGA_TableGetTotalPages)
    FPGA_TableHasData                        0x08001ffd   Thumb Code    16  fpga.o(i.FPGA_TableHasData)
    FPGA_TableNextPage                       0x08002011   Thumb Code    36  fpga.o(i.FPGA_TableNextPage)
    FPGA_TablePrevPage                       0x08002039   Thumb Code    20  fpga.o(i.FPGA_TablePrevPage)
    GPIO_Init                                0x08002051   Thumb Code   278  stm32f10x_gpio.o(i.GPIO_Init)
    GPIO_ResetBits                           0x08002167   Thumb Code     4  stm32f10x_gpio.o(i.GPIO_ResetBits)
    GPIO_SetBits                             0x0800216b   Thumb Code     4  stm32f10x_gpio.o(i.GPIO_SetBits)
    GPIO_WriteBit                            0x0800216f   Thumb Code    10  stm32f10x_gpio.o(i.GPIO_WriteBit)
    HardFault_Handler                        0x08002179   Thumb Code     4  stm32f10x_it.o(i.HardFault_Handler)
    MemManage_Handler                        0x0800217d   Thumb Code     4  stm32f10x_it.o(i.MemManage_Handler)
    NMI_Handler                              0x08002181   Thumb Code     2  stm32f10x_it.o(i.NMI_Handler)
    NVIC_Init                                0x08002185   Thumb Code   100  misc.o(i.NVIC_Init)
    OLED_Clear                               0x080021f5   Thumb Code    42  oled.o(i.OLED_Clear)
    OLED_I2C_Init                            0x08002221   Thumb Code    76  oled.o(i.OLED_I2C_Init)
    OLED_I2C_SendByte                        0x08002271   Thumb Code    88  oled.o(i.OLED_I2C_SendByte)
    OLED_I2C_Start                           0x080022cd   Thumb Code    48  oled.o(i.OLED_I2C_Start)
    OLED_I2C_Stop                            0x08002301   Thumb Code    36  oled.o(i.OLED_I2C_Stop)
    OLED_Init                                0x08002329   Thumb Code   174  oled.o(i.OLED_Init)
    OLED_Pow                                 0x080023d7   Thumb Code    20  oled.o(i.OLED_Pow)
    OLED_SetCursor                           0x080023eb   Thumb Code    34  oled.o(i.OLED_SetCursor)
    OLED_ShowChar                            0x0800240d   Thumb Code   110  oled.o(i.OLED_ShowChar)
    OLED_ShowNum                             0x08002481   Thumb Code    68  oled.o(i.OLED_ShowNum)
    OLED_ShowString                          0x080024c5   Thumb Code    40  oled.o(i.OLED_ShowString)
    OLED_WriteCommand                        0x080024ed   Thumb Code    32  oled.o(i.OLED_WriteCommand)
    OLED_WriteData                           0x0800250d   Thumb Code    32  oled.o(i.OLED_WriteData)
    PendSV_Handler                           0x0800252d   Thumb Code     2  stm32f10x_it.o(i.PendSV_Handler)
    RCC_APB1PeriphClockCmd                   0x08002531   Thumb Code    26  stm32f10x_rcc.o(i.RCC_APB1PeriphClockCmd)
    RCC_APB2PeriphClockCmd                   0x08002551   Thumb Code    26  stm32f10x_rcc.o(i.RCC_APB2PeriphClockCmd)
    RCC_GetClocksFreq                        0x08002571   Thumb Code   192  stm32f10x_rcc.o(i.RCC_GetClocksFreq)
    SVC_Handler                              0x08002645   Thumb Code     2  stm32f10x_it.o(i.SVC_Handler)
    Serial_Init                              0x08002649   Thumb Code   150  serial.o(i.Serial_Init)
    Serial_Printf                            0x080026e9   Thumb Code    38  serial.o(i.Serial_Printf)
    Serial_SendByte                          0x08002711   Thumb Code    28  serial.o(i.Serial_SendByte)
    Serial_SendString                        0x08002731   Thumb Code    22  serial.o(i.Serial_SendString)
    SysTick_Handler                          0x08002831   Thumb Code     2  stm32f10x_it.o(i.SysTick_Handler)
    SystemInit                               0x08002835   Thumb Code    78  system_stm32f10x.o(i.SystemInit)
    TJC_SendCommand                          0x08002895   Thumb Code    30  serial.o(i.TJC_SendCommand)
    TJC_SetFloat                             0x080028b5   Thumb Code    74  serial.o(i.TJC_SetFloat)
    TJC_SetNum                               0x08002915   Thumb Code    38  serial.o(i.TJC_SetNum)
    TJC_SetPage                              0x08002949   Thumb Code    30  serial.o(i.TJC_SetPage)
    TJC_SetText                              0x08002971   Thumb Code    40  serial.o(i.TJC_SetText)
    TJC_Table_FormatCell                     0x080029a5   Thumb Code    46  serial.o(i.TJC_Table_FormatCell)
    TJC_Table_FormatNum                      0x080029d3   Thumb Code   130  serial.o(i.TJC_Table_FormatNum)
    UI_OnRxByte                              0x08002a55   Thumb Code   284  main.o(i.UI_OnRxByte)
    USART1_IRQHandler                        0x08002f11   Thumb Code    42  stm32f10x_it.o(i.USART1_IRQHandler)
    USART2_IRQHandler                        0x08002f41   Thumb Code    40  stm32f10x_it.o(i.USART2_IRQHandler)
    USART_ClearITPendingBit                  0x08002f6d   Thumb Code    30  stm32f10x_usart.o(i.USART_ClearITPendingBit)
    USART_Cmd                                0x08002f8b   Thumb Code    24  stm32f10x_usart.o(i.USART_Cmd)
    USART_GetFlagStatus                      0x08002fa3   Thumb Code    26  stm32f10x_usart.o(i.USART_GetFlagStatus)
    USART_GetITStatus                        0x08002fbd   Thumb Code    84  stm32f10x_usart.o(i.USART_GetITStatus)
    USART_ITConfig                           0x08003011   Thumb Code    74  stm32f10x_usart.o(i.USART_ITConfig)
    USART_Init                               0x0800305d   Thumb Code   210  stm32f10x_usart.o(i.USART_Init)
    USART_ReceiveData                        0x08003135   Thumb Code    10  stm32f10x_usart.o(i.USART_ReceiveData)
    USART_SendData                           0x0800313f   Thumb Code     8  stm32f10x_usart.o(i.USART_SendData)
    UsageFault_Handler                       0x08003147   Thumb Code     4  stm32f10x_it.o(i.UsageFault_Handler)
    __ARM_fpclassify                         0x0800314b   Thumb Code    40  fpclassify.o(i.__ARM_fpclassify)
    _is_digit                                0x08003173   Thumb Code    14  __printf_wp.o(i._is_digit)
    main                                     0x08003181   Thumb Code   212  main.o(i.main)
    _get_lc_numeric                          0x080032c5   Thumb Code    44  lc_numeric_c.o(locale$$code)
    _get_lc_ctype                            0x080032f1   Thumb Code    44  lc_ctype_c.o(locale$$code)
    __aeabi_dadd                             0x0800331d   Thumb Code     0  daddsub_clz.o(x$fpl$dadd)
    _dadd                                    0x0800331d   Thumb Code   332  daddsub_clz.o(x$fpl$dadd)
    __aeabi_d2iz                             0x0800346d   Thumb Code     0  dfix.o(x$fpl$dfix)
    _dfix                                    0x0800346d   Thumb Code    94  dfix.o(x$fpl$dfix)
    __fpl_dnaninf                            0x080034cb   Thumb Code   156  dnaninf.o(x$fpl$dnaninf)
    __fpl_dretinf                            0x08003567   Thumb Code    12  dretinf.o(x$fpl$dretinf)
    __aeabi_dsub                             0x08003575   Thumb Code     0  daddsub_clz.o(x$fpl$dsub)
    _dsub                                    0x08003575   Thumb Code   464  daddsub_clz.o(x$fpl$dsub)
    __aeabi_f2d                              0x08003749   Thumb Code     0  f2d.o(x$fpl$f2d)
    _f2d                                     0x08003749   Thumb Code    86  f2d.o(x$fpl$f2d)
    __aeabi_fadd                             0x080037a1   Thumb Code     0  faddsub_clz.o(x$fpl$fadd)
    _fadd                                    0x080037a1   Thumb Code   196  faddsub_clz.o(x$fpl$fadd)
    __aeabi_i2f                              0x08003865   Thumb Code     0  fflt_clz.o(x$fpl$fflt)
    _fflt                                    0x08003865   Thumb Code    48  fflt_clz.o(x$fpl$fflt)
    __aeabi_fmul                             0x08003895   Thumb Code     0  fmul.o(x$fpl$fmul)
    _fmul                                    0x08003895   Thumb Code   258  fmul.o(x$fpl$fmul)
    __fpl_fnaninf                            0x08003997   Thumb Code   140  fnaninf.o(x$fpl$fnaninf)
    __fpl_fretinf                            0x08003a23   Thumb Code    10  fretinf.o(x$fpl$fretinf)
    __aeabi_fsub                             0x08003a2d   Thumb Code     0  faddsub_clz.o(x$fpl$fsub)
    _fsub                                    0x08003a2d   Thumb Code   234  faddsub_clz.o(x$fpl$fsub)
    _printf_fp_dec                           0x08003b17   Thumb Code     4  printf1.o(x$fpl$printf1)
    _printf_fp_hex                           0x08003b1b   Thumb Code     4  printf2.o(x$fpl$printf2)
    OLED_F8x16                               0x08003b1e   Data        1520  oled.o(.constdata)
    __I$use$fp                               0x08003b1e   Number         0  usenofp.o(x$fpl$usenofp)
    Region$$Table$$Base                      0x0800424c   Number         0  anon$$obj.o(Region$$Table)
    Region$$Table$$Limit                     0x0800426c   Number         0  anon$$obj.o(Region$$Table)
    __ctype                                  0x08004295   Data           0  lc_ctype_c.o(locale$$data)
    __libspace_start                         0x20003404   Data          96  libspace.o(.bss)
    __temporary_stack_top$libspace           0x20003464   Data           0  libspace.o(.bss)



==============================================================================

Memory Map of the image

  Image Entry point : 0x080000ed

  Load Region LR_IROM1 (Base: 0x08000000, Size: 0x000043c8, Max: 0x00010000, ABSOLUTE)

    Execution Region ER_IROM1 (Exec base: 0x08000000, Load base: 0x08000000, Size: 0x00004398, Max: 0x00010000, ABSOLUTE)

    Exec Addr    Load Addr    Size         Type   Attr      Idx    E Section Name        Object

    0x08000000   0x08000000   0x000000ec   Data   RO            3    RESET               startup_stm32f10x_md.o
    0x080000ec   0x080000ec   0x00000008   Code   RO         3949  * !!!main             c_w.l(__main.o)
    0x080000f4   0x080000f4   0x00000034   Code   RO         4275    !!!scatter          c_w.l(__scatter.o)
    0x08000128   0x08000128   0x0000001a   Code   RO         4277    !!handler_copy      c_w.l(__scatter_copy.o)
    0x08000142   0x08000142   0x00000002   PAD
    0x08000144   0x08000144   0x0000001c   Code   RO         4279    !!handler_zi        c_w.l(__scatter_zi.o)
    0x08000160   0x08000160   0x00000000   Code   RO         3946    .ARM.Collect$$_printf_percent$$00000000  c_w.l(_printf_percent.o)
    0x08000160   0x08000160   0x00000006   Code   RO         4025    .ARM.Collect$$_printf_percent$$00000001  c_w.l(_printf_n.o)
    0x08000166   0x08000166   0x00000006   Code   RO         4027    .ARM.Collect$$_printf_percent$$00000002  c_w.l(_printf_p.o)
    0x0800016c   0x0800016c   0x00000006   Code   RO         4031    .ARM.Collect$$_printf_percent$$00000003  c_w.l(_printf_f.o)
    0x08000172   0x08000172   0x00000006   Code   RO         4032    .ARM.Collect$$_printf_percent$$00000004  c_w.l(_printf_e.o)
    0x08000178   0x08000178   0x00000006   Code   RO         4033    .ARM.Collect$$_printf_percent$$00000005  c_w.l(_printf_g.o)
    0x0800017e   0x0800017e   0x00000006   Code   RO         4034    .ARM.Collect$$_printf_percent$$00000006  c_w.l(_printf_a.o)
    0x08000184   0x08000184   0x0000000a   Code   RO         4039    .ARM.Collect$$_printf_percent$$00000007  c_w.l(_printf_ll.o)
    0x0800018e   0x0800018e   0x00000006   Code   RO         4029    .ARM.Collect$$_printf_percent$$00000008  c_w.l(_printf_i.o)
    0x08000194   0x08000194   0x00000006   Code   RO         3945    .ARM.Collect$$_printf_percent$$00000009  c_w.l(_printf_d.o)
    0x0800019a   0x0800019a   0x00000006   Code   RO         4030    .ARM.Collect$$_printf_percent$$0000000A  c_w.l(_printf_u.o)
    0x080001a0   0x080001a0   0x00000006   Code   RO         4028    .ARM.Collect$$_printf_percent$$0000000B  c_w.l(_printf_o.o)
    0x080001a6   0x080001a6   0x00000006   Code   RO         4026    .ARM.Collect$$_printf_percent$$0000000C  c_w.l(_printf_x.o)
    0x080001ac   0x080001ac   0x00000006   Code   RO         4036    .ARM.Collect$$_printf_percent$$0000000D  c_w.l(_printf_lli.o)
    0x080001b2   0x080001b2   0x00000006   Code   RO         4037    .ARM.Collect$$_printf_percent$$0000000E  c_w.l(_printf_lld.o)
    0x080001b8   0x080001b8   0x00000006   Code   RO         4038    .ARM.Collect$$_printf_percent$$0000000F  c_w.l(_printf_llu.o)
    0x080001be   0x080001be   0x00000006   Code   RO         4043    .ARM.Collect$$_printf_percent$$00000010  c_w.l(_printf_llo.o)
    0x080001c4   0x080001c4   0x00000006   Code   RO         4044    .ARM.Collect$$_printf_percent$$00000011  c_w.l(_printf_llx.o)
    0x080001ca   0x080001ca   0x0000000a   Code   RO         4040    .ARM.Collect$$_printf_percent$$00000012  c_w.l(_printf_l.o)
    0x080001d4   0x080001d4   0x00000006   Code   RO         4024    .ARM.Collect$$_printf_percent$$00000013  c_w.l(_printf_c.o)
    0x080001da   0x080001da   0x00000006   Code   RO         3944    .ARM.Collect$$_printf_percent$$00000014  c_w.l(_printf_s.o)
    0x080001e0   0x080001e0   0x00000006   Code   RO         4041    .ARM.Collect$$_printf_percent$$00000015  c_w.l(_printf_lc.o)
    0x080001e6   0x080001e6   0x00000006   Code   RO         4042    .ARM.Collect$$_printf_percent$$00000016  c_w.l(_printf_ls.o)
    0x080001ec   0x080001ec   0x00000004   Code   RO         4035    .ARM.Collect$$_printf_percent$$00000017  c_w.l(_printf_percent_end.o)
    0x080001f0   0x080001f0   0x00000002   Code   RO         4136    .ARM.Collect$$libinit$$00000000  c_w.l(libinit.o)
    0x080001f2   0x080001f2   0x00000000   Code   RO         4152    .ARM.Collect$$libinit$$00000002  c_w.l(libinit2.o)
    0x080001f2   0x080001f2   0x00000000   Code   RO         4154    .ARM.Collect$$libinit$$00000004  c_w.l(libinit2.o)
    0x080001f2   0x080001f2   0x00000000   Code   RO         4157    .ARM.Collect$$libinit$$0000000A  c_w.l(libinit2.o)
    0x080001f2   0x080001f2   0x00000000   Code   RO         4159    .ARM.Collect$$libinit$$0000000C  c_w.l(libinit2.o)
    0x080001f2   0x080001f2   0x00000000   Code   RO         4161    .ARM.Collect$$libinit$$0000000E  c_w.l(libinit2.o)
    0x080001f2   0x080001f2   0x00000006   Code   RO         4162    .ARM.Collect$$libinit$$0000000F  c_w.l(libinit2.o)
    0x080001f8   0x080001f8   0x00000000   Code   RO         4164    .ARM.Collect$$libinit$$00000011  c_w.l(libinit2.o)
    0x080001f8   0x080001f8   0x0000000c   Code   RO         4165    .ARM.Collect$$libinit$$00000012  c_w.l(libinit2.o)
    0x08000204   0x08000204   0x00000000   Code   RO         4166    .ARM.Collect$$libinit$$00000013  c_w.l(libinit2.o)
    0x08000204   0x08000204   0x00000000   Code   RO         4168    .ARM.Collect$$libinit$$00000015  c_w.l(libinit2.o)
    0x08000204   0x08000204   0x0000000a   Code   RO         4169    .ARM.Collect$$libinit$$00000016  c_w.l(libinit2.o)
    0x0800020e   0x0800020e   0x00000000   Code   RO         4170    .ARM.Collect$$libinit$$00000017  c_w.l(libinit2.o)
    0x0800020e   0x0800020e   0x00000000   Code   RO         4172    .ARM.Collect$$libinit$$00000019  c_w.l(libinit2.o)
    0x0800020e   0x0800020e   0x00000000   Code   RO         4174    .ARM.Collect$$libinit$$0000001B  c_w.l(libinit2.o)
    0x0800020e   0x0800020e   0x00000000   Code   RO         4176    .ARM.Collect$$libinit$$0000001D  c_w.l(libinit2.o)
    0x0800020e   0x0800020e   0x00000000   Code   RO         4178    .ARM.Collect$$libinit$$0000001F  c_w.l(libinit2.o)
    0x0800020e   0x0800020e   0x00000000   Code   RO         4180    .ARM.Collect$$libinit$$00000021  c_w.l(libinit2.o)
    0x0800020e   0x0800020e   0x00000000   Code   RO         4182    .ARM.Collect$$libinit$$00000023  c_w.l(libinit2.o)
    0x0800020e   0x0800020e   0x00000000   Code   RO         4184    .ARM.Collect$$libinit$$00000025  c_w.l(libinit2.o)
    0x0800020e   0x0800020e   0x00000000   Code   RO         4188    .ARM.Collect$$libinit$$0000002C  c_w.l(libinit2.o)
    0x0800020e   0x0800020e   0x00000000   Code   RO         4190    .ARM.Collect$$libinit$$0000002E  c_w.l(libinit2.o)
    0x0800020e   0x0800020e   0x00000000   Code   RO         4192    .ARM.Collect$$libinit$$00000030  c_w.l(libinit2.o)
    0x0800020e   0x0800020e   0x00000000   Code   RO         4194    .ARM.Collect$$libinit$$00000032  c_w.l(libinit2.o)
    0x0800020e   0x0800020e   0x00000002   Code   RO         4195    .ARM.Collect$$libinit$$00000033  c_w.l(libinit2.o)
    0x08000210   0x08000210   0x00000002   Code   RO         4215    .ARM.Collect$$libshutdown$$00000000  c_w.l(libshutdown.o)
    0x08000212   0x08000212   0x00000000   Code   RO         4228    .ARM.Collect$$libshutdown$$00000002  c_w.l(libshutdown2.o)
    0x08000212   0x08000212   0x00000000   Code   RO         4230    .ARM.Collect$$libshutdown$$00000004  c_w.l(libshutdown2.o)
    0x08000212   0x08000212   0x00000000   Code   RO         4233    .ARM.Collect$$libshutdown$$00000007  c_w.l(libshutdown2.o)
    0x08000212   0x08000212   0x00000000   Code   RO         4236    .ARM.Collect$$libshutdown$$0000000A  c_w.l(libshutdown2.o)
    0x08000212   0x08000212   0x00000000   Code   RO         4238    .ARM.Collect$$libshutdown$$0000000C  c_w.l(libshutdown2.o)
    0x08000212   0x08000212   0x00000000   Code   RO         4241    .ARM.Collect$$libshutdown$$0000000F  c_w.l(libshutdown2.o)
    0x08000212   0x08000212   0x00000002   Code   RO         4242    .ARM.Collect$$libshutdown$$00000010  c_w.l(libshutdown2.o)
    0x08000214   0x08000214   0x00000000   Code   RO         3977    .ARM.Collect$$rtentry$$00000000  c_w.l(__rtentry.o)
    0x08000214   0x08000214   0x00000000   Code   RO         4063    .ARM.Collect$$rtentry$$00000002  c_w.l(__rtentry2.o)
    0x08000214   0x08000214   0x00000006   Code   RO         4075    .ARM.Collect$$rtentry$$00000004  c_w.l(__rtentry4.o)
    0x0800021a   0x0800021a   0x00000000   Code   RO         4065    .ARM.Collect$$rtentry$$00000009  c_w.l(__rtentry2.o)
    0x0800021a   0x0800021a   0x00000004   Code   RO         4066    .ARM.Collect$$rtentry$$0000000A  c_w.l(__rtentry2.o)
    0x0800021e   0x0800021e   0x00000000   Code   RO         4068    .ARM.Collect$$rtentry$$0000000C  c_w.l(__rtentry2.o)
    0x0800021e   0x0800021e   0x00000008   Code   RO         4069    .ARM.Collect$$rtentry$$0000000D  c_w.l(__rtentry2.o)
    0x08000226   0x08000226   0x00000002   Code   RO         4144    .ARM.Collect$$rtexit$$00000000  c_w.l(rtexit.o)
    0x08000228   0x08000228   0x00000000   Code   RO         4197    .ARM.Collect$$rtexit$$00000002  c_w.l(rtexit2.o)
    0x08000228   0x08000228   0x00000004   Code   RO         4198    .ARM.Collect$$rtexit$$00000003  c_w.l(rtexit2.o)
    0x0800022c   0x0800022c   0x00000006   Code   RO         4199    .ARM.Collect$$rtexit$$00000004  c_w.l(rtexit2.o)
    0x08000232   0x08000232   0x00000002   PAD
    0x08000234   0x08000234   0x00000040   Code   RO            4    .text               startup_stm32f10x_md.o
    0x08000274   0x08000274   0x00000034   Code   RO         3910    .text               c_w.l(vsnprintf.o)
    0x080002a8   0x080002a8   0x00000038   Code   RO         3912    .text               c_w.l(__2snprintf.o)
    0x080002e0   0x080002e0   0x0000004e   Code   RO         3918    .text               c_w.l(_printf_pad.o)
    0x0800032e   0x0800032e   0x00000052   Code   RO         3920    .text               c_w.l(_printf_str.o)
    0x08000380   0x08000380   0x00000078   Code   RO         3922    .text               c_w.l(_printf_dec.o)
    0x080003f8   0x080003f8   0x00000188   Code   RO         3941    .text               c_w.l(__printf_flags_ss_wp.o)
    0x08000580   0x08000580   0x00000006   Code   RO         3947    .text               c_w.l(heapauxi.o)
    0x08000586   0x08000586   0x00000024   Code   RO         3978    .text               c_w.l(_printf_truncate.o)
    0x080005aa   0x080005aa   0x000000b2   Code   RO         3980    .text               c_w.l(_printf_intcommon.o)
    0x0800065c   0x0800065c   0x00000028   Code   RO         3982    .text               c_w.l(_printf_charcount.o)
    0x08000684   0x08000684   0x00000030   Code   RO         3984    .text               c_w.l(_printf_char_common.o)
    0x080006b4   0x080006b4   0x0000000a   Code   RO         3986    .text               c_w.l(_sputc.o)
    0x080006be   0x080006be   0x00000010   Code   RO         3988    .text               c_w.l(_snputc.o)
    0x080006ce   0x080006ce   0x0000002c   Code   RO         3990    .text               c_w.l(_printf_char.o)
    0x080006fa   0x080006fa   0x00000002   PAD
    0x080006fc   0x080006fc   0x000000bc   Code   RO         3992    .text               c_w.l(_printf_wctomb.o)
    0x080007b8   0x080007b8   0x0000007c   Code   RO         3995    .text               c_w.l(_printf_longlong_dec.o)
    0x08000834   0x08000834   0x00000070   Code   RO         4001    .text               c_w.l(_printf_oct_int_ll.o)
    0x080008a4   0x080008a4   0x00000094   Code   RO         4021    .text               c_w.l(_printf_hex_int_ll_ptr.o)
    0x08000938   0x08000938   0x0000008a   Code   RO         4077    .text               c_w.l(lludiv10.o)
    0x080009c2   0x080009c2   0x0000041e   Code   RO         4079    .text               c_w.l(_printf_fp_dec.o)
    0x08000de0   0x08000de0   0x000002fc   Code   RO         4081    .text               c_w.l(_printf_fp_hex.o)
    0x080010dc   0x080010dc   0x0000002c   Code   RO         4086    .text               c_w.l(_printf_wchar.o)
    0x08001108   0x08001108   0x00000040   Code   RO         4088    .text               c_w.l(_wcrtomb.o)
    0x08001148   0x08001148   0x0000004a   Code   RO         4090    .text               c_w.l(sys_stackheap_outer.o)
    0x08001192   0x08001192   0x00000002   PAD
    0x08001194   0x08001194   0x00000010   Code   RO         4092    .text               c_w.l(rt_ctype_table.o)
    0x080011a4   0x080011a4   0x00000008   Code   RO         4097    .text               c_w.l(rt_locale_intlibspace.o)
    0x080011ac   0x080011ac   0x00000080   Code   RO         4099    .text               c_w.l(_printf_fp_infnan.o)
    0x0800122c   0x0800122c   0x000000e4   Code   RO         4101    .text               c_w.l(bigflt0.o)
    0x08001310   0x08001310   0x00000012   Code   RO         4129    .text               c_w.l(exit.o)
    0x08001322   0x08001322   0x00000002   PAD
    0x08001324   0x08001324   0x00000008   Code   RO         4141    .text               c_w.l(libspace.o)
    0x0800132c   0x0800132c   0x00000080   Code   RO         4149    .text               c_w.l(strcmpv7m.o)
    0x080013ac   0x080013ac   0x0000000c   Code   RO         4207    .text               c_w.l(sys_exit.o)
    0x080013b8   0x080013b8   0x00000002   Code   RO         4218    .text               c_w.l(use_no_semi.o)
    0x080013ba   0x080013ba   0x00000000   Code   RO         4220    .text               c_w.l(indicate_semi.o)
    0x080013ba   0x080013ba   0x0000003e   Code   RO         4104    CL$$btod_d2e        c_w.l(btod.o)
    0x080013f8   0x080013f8   0x00000046   Code   RO         4106    CL$$btod_d2e_denorm_low  c_w.l(btod.o)
    0x0800143e   0x0800143e   0x00000060   Code   RO         4105    CL$$btod_d2e_norm_op1  c_w.l(btod.o)
    0x0800149e   0x0800149e   0x00000338   Code   RO         4114    CL$$btod_div_common  c_w.l(btod.o)
    0x080017d6   0x080017d6   0x000000dc   Code   RO         4111    CL$$btod_e2e        c_w.l(btod.o)
    0x080018b2   0x080018b2   0x0000002a   Code   RO         4108    CL$$btod_ediv       c_w.l(btod.o)
    0x080018dc   0x080018dc   0x0000002a   Code   RO         4107    CL$$btod_emul       c_w.l(btod.o)
    0x08001906   0x08001906   0x00000244   Code   RO         4113    CL$$btod_mult_common  c_w.l(btod.o)
    0x08001b4a   0x08001b4a   0x00000004   Code   RO         3830    i.BusFault_Handler  stm32f10x_it.o
    0x08001b4e   0x08001b4e   0x00000002   PAD
    0x08001b50   0x08001b50   0x000000ac   Code   RO         3749    i.Data_Simulate     main.o
    0x08001bfc   0x08001bfc   0x00000002   Code   RO         3831    i.DebugMon_Handler  stm32f10x_it.o
    0x08001bfe   0x08001bfe   0x00000018   Code   RO         3196    i.Delay_ms          delay.o
    0x08001c16   0x08001c16   0x0000002e   Code   RO         3198    i.Delay_us          delay.o
    0x08001c44   0x08001c44   0x00000022   Code   RO         3607    i.FPGA_AToI         fpga.o
    0x08001c66   0x08001c66   0x00000002   PAD
    0x08001c68   0x08001c68   0x00000048   Code   RO         3608    i.FPGA_GenerateHarmTestData  fpga.o
    0x08001cb0   0x08001cb0   0x00000060   Code   RO         3609    i.FPGA_GenerateTestData  fpga.o
    0x08001d10   0x08001d10   0x00000030   Code   RO         3610    i.FPGA_GetPoint     fpga.o
    0x08001d40   0x08001d40   0x0000000c   Code   RO         3611    i.FPGA_GetPointCount  fpga.o
    0x08001d4c   0x08001d4c   0x00000030   Code   RO         3612    i.FPGA_HarmGetPoint  fpga.o
    0x08001d7c   0x08001d7c   0x0000000c   Code   RO         3613    i.FPGA_HarmGetPointCount  fpga.o
    0x08001d88   0x08001d88   0x00000010   Code   RO         3614    i.FPGA_HarmTableGetCurrentPage  fpga.o
    0x08001d98   0x08001d98   0x00000020   Code   RO         3615    i.FPGA_HarmTableGetTotalPages  fpga.o
    0x08001db8   0x08001db8   0x00000014   Code   RO         3616    i.FPGA_HarmTableHasData  fpga.o
    0x08001dcc   0x08001dcc   0x00000028   Code   RO         3617    i.FPGA_HarmTableNextPage  fpga.o
    0x08001df4   0x08001df4   0x00000018   Code   RO         3618    i.FPGA_HarmTablePrevPage  fpga.o
    0x08001e0c   0x08001e0c   0x00000030   Code   RO         3619    i.FPGA_Init         fpga.o
    0x08001e3c   0x08001e3c   0x0000008c   Code   RO         3620    i.FPGA_InitRX       fpga.o
    0x08001ec8   0x08001ec8   0x0000004c   Code   RO         3621    i.FPGA_OnRxByte     fpga.o
    0x08001f14   0x08001f14   0x00000078   Code   RO         3622    i.FPGA_ParseLine    fpga.o
    0x08001f8c   0x08001f8c   0x00000040   Code   RO         3623    i.FPGA_SetWave      fpga.o
    0x08001fcc   0x08001fcc   0x00000010   Code   RO         3624    i.FPGA_TableGetCurrentPage  fpga.o
    0x08001fdc   0x08001fdc   0x00000020   Code   RO         3625    i.FPGA_TableGetTotalPages  fpga.o
    0x08001ffc   0x08001ffc   0x00000014   Code   RO         3626    i.FPGA_TableHasData  fpga.o
    0x08002010   0x08002010   0x00000028   Code   RO         3627    i.FPGA_TableNextPage  fpga.o
    0x08002038   0x08002038   0x00000018   Code   RO         3628    i.FPGA_TablePrevPage  fpga.o
    0x08002050   0x08002050   0x00000116   Code   RO         1347    i.GPIO_Init         stm32f10x_gpio.o
    0x08002166   0x08002166   0x00000004   Code   RO         1354    i.GPIO_ResetBits    stm32f10x_gpio.o
    0x0800216a   0x0800216a   0x00000004   Code   RO         1355    i.GPIO_SetBits      stm32f10x_gpio.o
    0x0800216e   0x0800216e   0x0000000a   Code   RO         1358    i.GPIO_WriteBit     stm32f10x_gpio.o
    0x08002178   0x08002178   0x00000004   Code   RO         3832    i.HardFault_Handler  stm32f10x_it.o
    0x0800217c   0x0800217c   0x00000004   Code   RO         3833    i.MemManage_Handler  stm32f10x_it.o
    0x08002180   0x08002180   0x00000002   Code   RO         3834    i.NMI_Handler       stm32f10x_it.o
    0x08002182   0x08002182   0x00000002   PAD
    0x08002184   0x08002184   0x00000070   Code   RO          137    i.NVIC_Init         misc.o
    0x080021f4   0x080021f4   0x0000002a   Code   RO         3289    i.OLED_Clear        oled.o
    0x0800221e   0x0800221e   0x00000002   PAD
    0x08002220   0x08002220   0x00000050   Code   RO         3290    i.OLED_I2C_Init     oled.o
    0x08002270   0x08002270   0x0000005c   Code   RO         3291    i.OLED_I2C_SendByte  oled.o
    0x080022cc   0x080022cc   0x00000034   Code   RO         3292    i.OLED_I2C_Start    oled.o
    0x08002300   0x08002300   0x00000028   Code   RO         3293    i.OLED_I2C_Stop     oled.o
    0x08002328   0x08002328   0x000000ae   Code   RO         3294    i.OLED_Init         oled.o
    0x080023d6   0x080023d6   0x00000014   Code   RO         3295    i.OLED_Pow          oled.o
    0x080023ea   0x080023ea   0x00000022   Code   RO         3296    i.OLED_SetCursor    oled.o
    0x0800240c   0x0800240c   0x00000074   Code   RO         3298    i.OLED_ShowChar     oled.o
    0x08002480   0x08002480   0x00000044   Code   RO         3300    i.OLED_ShowNum      oled.o
    0x080024c4   0x080024c4   0x00000028   Code   RO         3302    i.OLED_ShowString   oled.o
    0x080024ec   0x080024ec   0x00000020   Code   RO         3303    i.OLED_WriteCommand  oled.o
    0x0800250c   0x0800250c   0x00000020   Code   RO         3304    i.OLED_WriteData    oled.o
    0x0800252c   0x0800252c   0x00000002   Code   RO         3835    i.PendSV_Handler    stm32f10x_it.o
    0x0800252e   0x0800252e   0x00000002   PAD
    0x08002530   0x08002530   0x00000020   Code   RO         1775    i.RCC_APB1PeriphClockCmd  stm32f10x_rcc.o
    0x08002550   0x08002550   0x00000020   Code   RO         1777    i.RCC_APB2PeriphClockCmd  stm32f10x_rcc.o
    0x08002570   0x08002570   0x000000d4   Code   RO         1785    i.RCC_GetClocksFreq  stm32f10x_rcc.o
    0x08002644   0x08002644   0x00000002   Code   RO         3836    i.SVC_Handler       stm32f10x_it.o
    0x08002646   0x08002646   0x00000002   PAD
    0x08002648   0x08002648   0x000000a0   Code   RO         3397    i.Serial_Init       serial.o
    0x080026e8   0x080026e8   0x00000026   Code   RO         3398    i.Serial_Printf     serial.o
    0x0800270e   0x0800270e   0x00000002   PAD
    0x08002710   0x08002710   0x00000020   Code   RO         3399    i.Serial_SendByte   serial.o
    0x08002730   0x08002730   0x00000016   Code   RO         3400    i.Serial_SendString  serial.o
    0x08002746   0x08002746   0x00000008   Code   RO           24    i.SetSysClock       system_stm32f10x.o
    0x0800274e   0x0800274e   0x00000002   PAD
    0x08002750   0x08002750   0x000000e0   Code   RO           25    i.SetSysClockTo72   system_stm32f10x.o
    0x08002830   0x08002830   0x00000002   Code   RO         3837    i.SysTick_Handler   stm32f10x_it.o
    0x08002832   0x08002832   0x00000002   PAD
    0x08002834   0x08002834   0x00000060   Code   RO           27    i.SystemInit        system_stm32f10x.o
    0x08002894   0x08002894   0x0000001e   Code   RO         3405    i.TJC_SendCommand   serial.o
    0x080028b2   0x080028b2   0x00000002   PAD
    0x080028b4   0x080028b4   0x00000060   Code   RO         3408    i.TJC_SetFloat      serial.o
    0x08002914   0x08002914   0x00000034   Code   RO         3409    i.TJC_SetNum        serial.o
    0x08002948   0x08002948   0x00000028   Code   RO         3410    i.TJC_SetPage       serial.o
    0x08002970   0x08002970   0x00000034   Code   RO         3411    i.TJC_SetText       serial.o
    0x080029a4   0x080029a4   0x0000002e   Code   RO         3412    i.TJC_Table_FormatCell  serial.o
    0x080029d2   0x080029d2   0x00000082   Code   RO         3413    i.TJC_Table_FormatNum  serial.o
    0x08002a54   0x08002a54   0x00000148   Code   RO         3750    i.UI_OnRxByte       main.o
    0x08002b9c   0x08002b9c   0x00000038   Code   RO         3751    i.UI_Process        main.o
    0x08002bd4   0x08002bd4   0x0000000c   Code   RO         3752    i.UI_SetPage        main.o
    0x08002be0   0x08002be0   0x00000038   Code   RO         3753    i.UI_UpdateHome     main.o
    0x08002c18   0x08002c18   0x0000002c   Code   RO         3754    i.UI_UpdateParam    main.o
    0x08002c44   0x08002c44   0x0000010c   Code   RO         3755    i.UI_UpdateTable    main.o
    0x08002d50   0x08002d50   0x00000090   Code   RO         3756    i.UI_UpdateWave     main.o
    0x08002de0   0x08002de0   0x00000130   Code   RO         3757    i.UI_UpdateWaveTable  main.o
    0x08002f10   0x08002f10   0x00000030   Code   RO         3838    i.USART1_IRQHandler  stm32f10x_it.o
    0x08002f40   0x08002f40   0x0000002c   Code   RO         3839    i.USART2_IRQHandler  stm32f10x_it.o
    0x08002f6c   0x08002f6c   0x0000001e   Code   RO         2957    i.USART_ClearITPendingBit  stm32f10x_usart.o
    0x08002f8a   0x08002f8a   0x00000018   Code   RO         2960    i.USART_Cmd         stm32f10x_usart.o
    0x08002fa2   0x08002fa2   0x0000001a   Code   RO         2963    i.USART_GetFlagStatus  stm32f10x_usart.o
    0x08002fbc   0x08002fbc   0x00000054   Code   RO         2964    i.USART_GetITStatus  stm32f10x_usart.o
    0x08003010   0x08003010   0x0000004a   Code   RO         2966    i.USART_ITConfig    stm32f10x_usart.o
    0x0800305a   0x0800305a   0x00000002   PAD
    0x0800305c   0x0800305c   0x000000d8   Code   RO         2967    i.USART_Init        stm32f10x_usart.o
    0x08003134   0x08003134   0x0000000a   Code   RO         2974    i.USART_ReceiveData  stm32f10x_usart.o
    0x0800313e   0x0800313e   0x00000008   Code   RO         2977    i.USART_SendData    stm32f10x_usart.o
    0x08003146   0x08003146   0x00000004   Code   RO         3840    i.UsageFault_Handler  stm32f10x_it.o
    0x0800314a   0x0800314a   0x00000028   Code   RO         4139    i.__ARM_fpclassify  m_ws.l(fpclassify.o)
    0x08003172   0x08003172   0x0000000e   Code   RO         3934    i._is_digit         c_w.l(__printf_wp.o)
    0x08003180   0x08003180   0x00000144   Code   RO         3758    i.main              main.o
    0x080032c4   0x080032c4   0x0000002c   Code   RO         4127    locale$$code        c_w.l(lc_numeric_c.o)
    0x080032f0   0x080032f0   0x0000002c   Code   RO         4147    locale$$code        c_w.l(lc_ctype_c.o)
    0x0800331c   0x0800331c   0x00000150   Code   RO         3951    x$fpl$dadd          fz_ws.l(daddsub_clz.o)
    0x0800346c   0x0800346c   0x0000005e   Code   RO         3957    x$fpl$dfix          fz_ws.l(dfix.o)
    0x080034ca   0x080034ca   0x0000009c   Code   RO         4045    x$fpl$dnaninf       fz_ws.l(dnaninf.o)
    0x08003566   0x08003566   0x0000000c   Code   RO         4047    x$fpl$dretinf       fz_ws.l(dretinf.o)
    0x08003572   0x08003572   0x00000002   PAD
    0x08003574   0x08003574   0x000001d4   Code   RO         3953    x$fpl$dsub          fz_ws.l(daddsub_clz.o)
    0x08003748   0x08003748   0x00000056   Code   RO         3961    x$fpl$f2d           fz_ws.l(f2d.o)
    0x0800379e   0x0800379e   0x00000002   PAD
    0x080037a0   0x080037a0   0x000000c4   Code   RO         3963    x$fpl$fadd          fz_ws.l(faddsub_clz.o)
    0x08003864   0x08003864   0x00000030   Code   RO         3970    x$fpl$fflt          fz_ws.l(fflt_clz.o)
    0x08003894   0x08003894   0x00000102   Code   RO         3975    x$fpl$fmul          fz_ws.l(fmul.o)
    0x08003996   0x08003996   0x0000008c   Code   RO         4049    x$fpl$fnaninf       fz_ws.l(fnaninf.o)
    0x08003a22   0x08003a22   0x0000000a   Code   RO         4051    x$fpl$fretinf       fz_ws.l(fretinf.o)
    0x08003a2c   0x08003a2c   0x000000ea   Code   RO         3965    x$fpl$fsub          fz_ws.l(faddsub_clz.o)
    0x08003b16   0x08003b16   0x00000004   Code   RO         4053    x$fpl$printf1       fz_ws.l(printf1.o)
    0x08003b1a   0x08003b1a   0x00000004   Code   RO         4055    x$fpl$printf2       fz_ws.l(printf2.o)
    0x08003b1e   0x08003b1e   0x00000000   Code   RO         4061    x$fpl$usenofp       fz_ws.l(usenofp.o)
    0x08003b1e   0x08003b1e   0x000005f0   Data   RO         3305    .constdata          oled.o
    0x0800410e   0x0800410e   0x00000040   Data   RO         3760    .constdata          main.o
    0x0800414e   0x0800414e   0x00000011   Data   RO         3942    .constdata          c_w.l(__printf_flags_ss_wp.o)
    0x0800415f   0x0800415f   0x00000001   PAD
    0x08004160   0x08004160   0x00000008   Data   RO         3993    .constdata          c_w.l(_printf_wctomb.o)
    0x08004168   0x08004168   0x00000028   Data   RO         4022    .constdata          c_w.l(_printf_hex_int_ll_ptr.o)
    0x08004190   0x08004190   0x00000026   Data   RO         4082    .constdata          c_w.l(_printf_fp_hex.o)
    0x080041b6   0x080041b6   0x00000002   PAD
    0x080041b8   0x080041b8   0x00000094   Data   RO         4102    .constdata          c_w.l(bigflt0.o)
    0x0800424c   0x0800424c   0x00000020   Data   RO         4273    Region$$Table       anon$$obj.o
    0x0800426c   0x0800426c   0x0000001c   Data   RO         4126    locale$$data        c_w.l(lc_numeric_c.o)
    0x08004288   0x08004288   0x00000110   Data   RO         4146    locale$$data        c_w.l(lc_ctype_c.o)


    Execution Region RW_IRAM1 (Exec base: 0x20000000, Load base: 0x08004398, Size: 0x00003a68, Max: 0x00005000, ABSOLUTE)

    Exec Addr    Load Addr    Size         Type   Attr      Idx    E Section Name        Object

    0x20000000   0x08004398   0x00000014   Data   RW         1805    .data               stm32f10x_rcc.o
    0x20000014   0x080043ac   0x00000009   Data   RW         3630    .data               fpga.o
    0x2000001d   0x080043b5   0x00000003   PAD
    0x20000020   0x080043b8   0x00000010   Data   RW         3761    .data               main.o
    0x20000030        -       0x000033b0   Zero   RW         3629    .bss                fpga.o
    0x200033e0        -       0x00000024   Zero   RW         3759    .bss                main.o
    0x20003404        -       0x00000060   Zero   RW         4142    .bss                c_w.l(libspace.o)
    0x20003464   0x080043c8   0x00000004   PAD
    0x20003468        -       0x00000200   Zero   RW            2    HEAP                startup_stm32f10x_md.o
    0x20003668        -       0x00000400   Zero   RW            1    STACK               startup_stm32f10x_md.o


==============================================================================

Image component sizes


      Code (inc. data)   RO Data    RW Data    ZI Data      Debug   Object Name

         0          0          0          0          0       4516   core_cm3.o
        70          0          0          0          0        882   delay.o
      1034        160          0          9      13232      11877   fpga.o
      1708        378         64         16         36       7397   main.o
       112         12          0          0          0     204188   misc.o
       822         22       1520          0          0       7221   oled.o
       698         72          0          0          0     224571   serial.o
        64         26        236          0       1536        800   startup_stm32f10x_md.o
       296          0          0          0          0      11612   stm32f10x_gpio.o
       118         10          0          0          0       4470   stm32f10x_it.o
       276         32          0         20          0      12830   stm32f10x_rcc.o
       472          6          0          0          0      12259   stm32f10x_usart.o
       328         28          0          0          0      18749   system_stm32f10x.o

    ----------------------------------------------------------------------
      6020        746       1852         48      14804     521372   Object Totals
         0          0         32          0          0          0   (incl. Generated)
        22          0          0          3          0          0   (incl. Padding)

    ----------------------------------------------------------------------

      Code (inc. data)   RO Data    RW Data    ZI Data      Debug   Library Member Name

        56          6          0          0          0         88   __2snprintf.o
         8          0          0          0          0         68   __main.o
       392          4         17          0          0         92   __printf_flags_ss_wp.o
        14          0          0          0          0         68   __printf_wp.o
         0          0          0          0          0          0   __rtentry.o
        12          0          0          0          0          0   __rtentry2.o
         6          0          0          0          0          0   __rtentry4.o
        52          8          0          0          0          0   __scatter.o
        26          0          0          0          0          0   __scatter_copy.o
        28          0          0          0          0          0   __scatter_zi.o
         6          0          0          0          0          0   _printf_a.o
         6          0          0          0          0          0   _printf_c.o
        44          0          0          0          0        108   _printf_char.o
        48          6          0          0          0         96   _printf_char_common.o
        40          0          0          0          0         68   _printf_charcount.o
         6          0          0          0          0          0   _printf_d.o
       120         16          0          0          0         92   _printf_dec.o
         6          0          0          0          0          0   _printf_e.o
         6          0          0          0          0          0   _printf_f.o
      1054          0          0          0          0        216   _printf_fp_dec.o
       764          8         38          0          0        100   _printf_fp_hex.o
       128         16          0          0          0         84   _printf_fp_infnan.o
         6          0          0          0          0          0   _printf_g.o
       148          4         40          0          0        160   _printf_hex_int_ll_ptr.o
         6          0          0          0          0          0   _printf_i.o
       178          0          0          0          0         88   _printf_intcommon.o
        10          0          0          0          0          0   _printf_l.o
         6          0          0          0          0          0   _printf_lc.o
        10          0          0          0          0          0   _printf_ll.o
         6          0          0          0          0          0   _printf_lld.o
         6          0          0          0          0          0   _printf_lli.o
         6          0          0          0          0          0   _printf_llo.o
         6          0          0          0          0          0   _printf_llu.o
         6          0          0          0          0          0   _printf_llx.o
       124         16          0          0          0         92   _printf_longlong_dec.o
         6          0          0          0          0          0   _printf_ls.o
         6          0          0          0          0          0   _printf_n.o
         6          0          0          0          0          0   _printf_o.o
       112         10          0          0          0        124   _printf_oct_int_ll.o
         6          0          0          0          0          0   _printf_p.o
        78          0          0          0          0        108   _printf_pad.o
         0          0          0          0          0          0   _printf_percent.o
         4          0          0          0          0          0   _printf_percent_end.o
         6          0          0          0          0          0   _printf_s.o
        82          0          0          0          0         80   _printf_str.o
        36          0          0          0          0         84   _printf_truncate.o
         6          0          0          0          0          0   _printf_u.o
        44          0          0          0          0        108   _printf_wchar.o
       188          6          8          0          0         92   _printf_wctomb.o
         6          0          0          0          0          0   _printf_x.o
        16          0          0          0          0         68   _snputc.o
        10          0          0          0          0         68   _sputc.o
        64          0          0          0          0         92   _wcrtomb.o
       228          4        148          0          0         96   bigflt0.o
      1936        128          0          0          0        672   btod.o
        18          0          0          0          0         80   exit.o
         6          0          0          0          0        152   heapauxi.o
         0          0          0          0          0          0   indicate_semi.o
        44         10        272          0          0         76   lc_ctype_c.o
        44         10         28          0          0         76   lc_numeric_c.o
         2          0          0          0          0          0   libinit.o
        30          0          0          0          0          0   libinit2.o
         2          0          0          0          0          0   libshutdown.o
         2          0          0          0          0          0   libshutdown2.o
         8          4          0          0         96         68   libspace.o
       138          0          0          0          0         80   lludiv10.o
        16          4          0          0          0         76   rt_ctype_table.o
         8          4          0          0          0         68   rt_locale_intlibspace.o
         2          0          0          0          0          0   rtexit.o
        10          0          0          0          0          0   rtexit2.o
       128          0          0          0          0         68   strcmpv7m.o
        12          4          0          0          0         68   sys_exit.o
        74          0          0          0          0         80   sys_stackheap_outer.o
         2          0          0          0          0         68   use_no_semi.o
        52          4          0          0          0         80   vsnprintf.o
       804         16          0          0          0        272   daddsub_clz.o
        94          4          0          0          0         92   dfix.o
       156          4          0          0          0         92   dnaninf.o
        12          0          0          0          0         68   dretinf.o
        86          4          0          0          0         84   f2d.o
       430          8          0          0          0        168   faddsub_clz.o
        48          0          0          0          0         68   fflt_clz.o
       258          4          0          0          0         84   fmul.o
       140          4          0          0          0         84   fnaninf.o
        10          0          0          0          0         68   fretinf.o
         4          0          0          0          0         68   printf1.o
         4          0          0          0          0         68   printf2.o
         0          0          0          0          0          0   usenofp.o
        40          0          0          0          0         68   fpclassify.o

    ----------------------------------------------------------------------
      8878        316        554          0        100       5336   Library Totals
        14          0          3          0          4          0   (incl. Padding)

    ----------------------------------------------------------------------

      Code (inc. data)   RO Data    RW Data    ZI Data      Debug   Library Name

      6778        272        551          0         96       4052   c_w.l
      2046         44          0          0          0       1216   fz_ws.l
        40          0          0          0          0         68   m_ws.l

    ----------------------------------------------------------------------
      8878        316        554          0        100       5336   Library Totals

    ----------------------------------------------------------------------

==============================================================================


      Code (inc. data)   RO Data    RW Data    ZI Data      Debug   

     14898       1062       2406         48      14904     519424   Grand Totals
     14898       1062       2406         48      14904     519424   ELF Image Totals
     14898       1062       2406         48          0          0   ROM Totals

==============================================================================

    Total RO  Size (Code + RO Data)                17304 (  16.90kB)
    Total RW  Size (RW Data + ZI Data)             14952 (  14.60kB)
    Total ROM Size (Code + RO Data + RW Data)      17352 (  16.95kB)

==============================================================================

